Archive member included to satisfy reference by file (symbol)

../app/libapp.a(main.c.obj)   (--whole-archive)
../app/libapp.a(n310_stub.c.obj)
                              (--whole-archive)
libzephyr.a(cbprintf.c.obj)   (--whole-archive)
libzephyr.a(crc32_sw.c.obj)   (--whole-archive)
libzephyr.a(crc16_sw.c.obj)   (--whole-archive)
libzephyr.a(crc8_sw.c.obj)    (--whole-archive)
libzephyr.a(crc7_sw.c.obj)    (--whole-archive)
libzephyr.a(dec.c.obj)        (--whole-archive)
libzephyr.a(fdtable.c.obj)    (--whole-archive)
libzephyr.a(hex.c.obj)        (--whole-archive)
libzephyr.a(notify.c.obj)     (--whole-archive)
libzephyr.a(printk.c.obj)     (--whole-archive)
libzephyr.a(onoff.c.obj)      (--whole-archive)
libzephyr.a(rb.c.obj)         (--whole-archive)
libzephyr.a(sem.c.obj)        (--whole-archive)
libzephyr.a(thread_entry.c.obj)
                              (--whole-archive)
libzephyr.a(timeutil.c.obj)   (--whole-archive)
libzephyr.a(work_q.c.obj)     (--whole-archive)
libzephyr.a(heap.c.obj)       (--whole-archive)
libzephyr.a(heap-validate.c.obj)
                              (--whole-archive)
libzephyr.a(cbprintf_complete.c.obj)
                              (--whole-archive)
libzephyr.a(assert.c.obj)     (--whole-archive)
libzephyr.a(configs.c.obj)    (--whole-archive)
libzephyr.a(soc.c.obj)        (--whole-archive)
libzephyr.a(log_minimal.c.obj)
                              (--whole-archive)
libzephyr.a(addr_utils.c.obj)
                              (--whole-archive)
libzephyr.a(getaddrinfo.c.obj)
                              (--whole-archive)
libzephyr.a(sockets.c.obj)    (--whole-archive)
libzephyr.a(sockets_select.c.obj)
                              (--whole-archive)
libzephyr.a(getnameinfo.c.obj)
                              (--whole-archive)
libzephyr.a(sockets_misc.c.obj)
                              (--whole-archive)
libzephyr.a(reboot.c.obj)     (--whole-archive)
libzephyr.a(uart_console.c.obj)
                              (--whole-archive)
libzephyr.a(uart_pipe.c.obj)  (--whole-archive)
libzephyr.a(modem_context.c.obj)
                              (--whole-archive)
libzephyr.a(modem_pin.c.obj)  (--whole-archive)
libzephyr.a(modem_socket.c.obj)
                              (--whole-archive)
libzephyr.a(wdt_cmsdk_apb.c.obj)
                              (--whole-archive)
libzephyr.a(slip.c.obj)       (--whole-archive)
libzephyr.a(sys_clock_init.c.obj)
                              (--whole-archive)
libzephyr.a(cortex_m_systick.c.obj)
                              (--whole-archive)
arch/common/libarch__common.a(sw_isr_common.c.obj)
                              (--whole-archive)
arch/arch/arm/core/aarch32/libarch__arm__core__aarch32.a(swap.c.obj)
                              (--whole-archive)
arch/arch/arm/core/aarch32/libarch__arm__core__aarch32.a(swap_helper.S.obj)
                              (--whole-archive)
arch/arch/arm/core/aarch32/libarch__arm__core__aarch32.a(irq_manage.c.obj)
                              (--whole-archive)
arch/arch/arm/core/aarch32/libarch__arm__core__aarch32.a(thread.c.obj)
                              (--whole-archive)
arch/arch/arm/core/aarch32/libarch__arm__core__aarch32.a(cpu_idle.S.obj)
                              (--whole-archive)
arch/arch/arm/core/aarch32/libarch__arm__core__aarch32.a(fatal.c.obj)
                              (--whole-archive)
arch/arch/arm/core/aarch32/libarch__arm__core__aarch32.a(nmi.c.obj)
                              (--whole-archive)
arch/arch/arm/core/aarch32/libarch__arm__core__aarch32.a(nmi_on_reset.S.obj)
                              (--whole-archive)
arch/arch/arm/core/aarch32/libarch__arm__core__aarch32.a(prep_c.c.obj)
                              (--whole-archive)
arch/arch/arm/core/aarch32/libarch__arm__core__aarch32.a(isr_wrapper.S.obj)
                              (--whole-archive)
arch/arch/arm/core/aarch32/cortex_m/libarch__arm__core__aarch32__cortex_m.a(vector_table.S.obj)
                              (--whole-archive)
arch/arch/arm/core/aarch32/cortex_m/libarch__arm__core__aarch32__cortex_m.a(reset.S.obj)
                              (--whole-archive)
arch/arch/arm/core/aarch32/cortex_m/libarch__arm__core__aarch32__cortex_m.a(fault_s.S.obj)
                              (--whole-archive)
arch/arch/arm/core/aarch32/cortex_m/libarch__arm__core__aarch32__cortex_m.a(fault.c.obj)
                              (--whole-archive)
arch/arch/arm/core/aarch32/cortex_m/libarch__arm__core__aarch32__cortex_m.a(exc_exit.S.obj)
                              (--whole-archive)
arch/arch/arm/core/aarch32/cortex_m/libarch__arm__core__aarch32__cortex_m.a(scb.c.obj)
                              (--whole-archive)
arch/arch/arm/core/aarch32/cortex_m/libarch__arm__core__aarch32__cortex_m.a(irq_init.c.obj)
                              (--whole-archive)
arch/arch/arm/core/aarch32/cortex_m/libarch__arm__core__aarch32__cortex_m.a(thread_abort.c.obj)
                              (--whole-archive)
[...]
Memory Configuration

Name             Origin             Length             Attributes
FLASH            0x0000000000000000 0x0000000000400000 xr
SRAM             0x0000000020000000 0x0000000000400000 xw
IDT_LIST         0x0000000020400000 0x0000000000000800 xw
*default*        0x0000000000000000 0xffffffffffffffff

Linker script and memory map

LOAD CMakeFiles/zephyr_prebuilt.dir/misc/empty_file.c.obj
                0x0000000000000020                _region_min_align = 0x20

.rel.plt        0x0000000000000000        0x0
 *(SORT_BY_ALIGNMENT(.rel.plt))
                [!provide]                        PROVIDE (__rel_iplt_start = .)
 *(SORT_BY_ALIGNMENT(.rel.iplt))
 .rel.iplt      0x0000000000000000        0x0 ../app/libapp.a(main.c.obj)
                [!provide]                        PROVIDE (__rel_iplt_end = .)

.rela.plt       0x0000000000000000        0x0
 *(SORT_BY_ALIGNMENT(.rela.plt))
                [!provide]                        PROVIDE (__rela_iplt_start = .)
 *(SORT_BY_ALIGNMENT(.rela.iplt))
                [!provide]                        PROVIDE (__rela_iplt_end = .)

.rel.dyn
 *(SORT_BY_ALIGNMENT(.rel.*))

.rela.dyn
 *(SORT_BY_ALIGNMENT(.rela.*))

/DISCARD/
 *(SORT_BY_ALIGNMENT(.plt))
 *(SORT_BY_ALIGNMENT(.iplt))
 *(SORT_BY_ALIGNMENT(.got.plt))
 *(SORT_BY_ALIGNMENT(.igot.plt))
 *(SORT_BY_ALIGNMENT(.got))
 *(SORT_BY_ALIGNMENT(.igot))
 *(SORT_BY_ALIGNMENT(.note.GNU-stack))
                0x0000000000000000                _image_rom_start = 0x0

rom_start       0x0000000000000000       0xc0
                0x0000000000000000                . = 0x0
                0x0000000000000000                . = ALIGN (0x4)
                0x0000000000000000                . = ALIGN (0x80)
                0x0000000000000000                . = ALIGN (0x100)
                0x0000000000000000                _vector_start = .
 *(SORT_BY_ALIGNMENT(.exc_vector_table))
 *(SORT_BY_ALIGNMENT(.exc_vector_table.*))
 .exc_vector_table._vector_table_section
                0x0000000000000000       0x40 arch/arch/arm/core/aarch32/cortex_m/libarch__arm__core__aarch32__cortex_m.a(vector_table.S.obj)
                0x0000000000000000                _vector_table
 *(SORT_BY_ALIGNMENT(.gnu.linkonce.irq_vector_table*))
 .gnu.linkonce.irq_vector_table
                0x0000000000000040       0x80 arch/common/libisr_tables.a(isr_tables.c.obj)
                0x0000000000000040                _irq_vector_table
 *(SORT_BY_ALIGNMENT(.vectors))
                0x00000000000000c0                _vector_end = .
 *(SORT_BY_ALIGNMENT(.openocd_dbg))
 *(SORT_BY_ALIGNMENT(.openocd_dbg.*))

text            0x00000000000000c0     0xa2be
                0x00000000000000c0                _image_text_start = .
 *(SORT_BY_ALIGNMENT(.text))
 .text          0x00000000000000c0       0x30 /home/ilagas/zephyr-sdk-0.12.4/arm-zephyr-eabi/bin/../lib/gcc/arm-zephyr-eabi/10.2.0/thumb/v7-m/nofp/libgcc.a(_aeabi_uldivmod.o)
                0x00000000000000c0                __aeabi_uldivmod
 .text          0x00000000000000f0      0x2dc /home/ilagas/zephyr-sdk-0.12.4/arm-zephyr-eabi/bin/../lib/gcc/arm-zephyr-eabi/10.2.0/thumb/v7-m/nofp/libgcc.a(_udivmoddi4.o)
                0x00000000000000f0                __udivmoddi4
 .text          0x00000000000003cc        0x4 /home/ilagas/zephyr-sdk-0.12.4/arm-zephyr-eabi/bin/../lib/gcc/arm-zephyr-eabi/10.2.0/thumb/v7-m/nofp/libgcc.a(_dvmd_tls.o)
                0x00000000000003cc                __aeabi_ldiv0
                0x00000000000003cc                __aeabi_idiv0
 *(SORT_BY_ALIGNMENT(.text.*))
 .text.z_zassert.constprop.0
                0x00000000000003d0       0x44 ../app/libapp.a(main.c.obj)
 .text.test_status
                0x0000000000000414       0x34 ../app/libapp.a(main.c.obj)
                0x0000000000000414                test_status
 .text.test_info_set
                0x0000000000000448       0xe0 ../app/libapp.a(main.c.obj)
                0x0000000000000448                test_info_set
 .text.test_testing
                0x0000000000000528       0x90 ../app/libapp.a(main.c.obj)
                0x0000000000000528                test_testing
 .text.test_device_struct
                0x00000000000005b8       0x64 ../app/libapp.a(main.c.obj)
                0x00000000000005b8                test_device_struct
 .text.test_main
                0x000000000000061c       0x10 ../app/libapp.a(main.c.obj)
                0x000000000000061c                test_main
 .text.offload_socket
                0x000000000000062c       0x3c ../app/libapp.a(n310_stub.c.obj)
 .text.net_offload_dummy_get
                0x0000000000000668       0x14 ../app/libapp.a(n310_stub.c.obj)
 .text.on_cmd_atcmdinfo_iccid
                0x000000000000067c       0x20 ../app/libapp.a(n310_stub.c.obj)
 .text.offload_recvfrom
                0x000000000000069c       0xc8 ../app/libapp.a(n310_stub.c.obj)
 .text.on_cmd_error
                0x0000000000000764       0x28 ../app/libapp.a(n310_stub.c.obj)
 .text.on_cmd_cpgaddr
                0x000000000000078c       0x64 ../app/libapp.a(n310_stub.c.obj)
 .text.offload_close
                0x00000000000007f0       0x48 ../app/libapp.a(n310_stub.c.obj)
 .text.modem_atoi.constprop.0
                0x0000000000000838       0x30 ../app/libapp.a(n310_stub.c.obj)
 .text.on_cmd_socknotifydata
                0x0000000000000868       0x78 ../app/libapp.a(n310_stub.c.obj)
 .text.on_cmd_socknotifycereg
                0x00000000000008e0       0x48 ../app/libapp.a(n310_stub.c.obj)
 .text.on_cmd_socknotifyclose
                0x0000000000000928       0x30 ../app/libapp.a(n310_stub.c.obj)
 .text.modem_net_iface_init
                0x0000000000000958       0x64 ../app/libapp.a(n310_stub.c.obj)
 .text.create_socket.isra.0
                0x00000000000009bc       0x58 ../app/libapp.a(n310_stub.c.obj)
 .text.offload_bind
                0x0000000000000a14       0x30 ../app/libapp.a(n310_stub.c.obj)
 .text.offload_connect
                0x0000000000000a44       0x7c ../app/libapp.a(n310_stub.c.obj)
 .text.n310_recv
                0x0000000000000ac0       0x30 ../app/libapp.a(n310_stub.c.obj)
 .text.offload_sendto
                0x0000000000000af0       0xf4 ../app/libapp.a(n310_stub.c.obj)
 .text.on_cmd_ok
                0x0000000000000be4       0x1c ../app/libapp.a(n310_stub.c.obj)
 .text.z_impl_sys_rand32_get
                0x0000000000000c00       0x10 ../app/libapp.a(n310_stub.c.obj)
                0x0000000000000c00                z_impl_sys_rand32_get
 .text.n310_get_model
                0x0000000000000c10        0x8 ../app/libapp.a(n310_stub.c.obj)
                0x0000000000000c10                n310_get_model
 .text.n310_get_iccid
                0x0000000000000c18        0x8 ../app/libapp.a(n310_stub.c.obj)
                0x0000000000000c18                n310_get_iccid
 .text.n310_get_manufacturer
                0x0000000000000c20        0x8 ../app/libapp.a(n310_stub.c.obj)
                0x0000000000000c20                n310_get_manufacturer
 .text.n310_get_revision
                0x0000000000000c28        0x8 ../app/libapp.a(n310_stub.c.obj)
                0x0000000000000c28                n310_get_revision
 .text.n310_get_imei
                0x0000000000000c30        0x8 ../app/libapp.a(n310_stub.c.obj)
                0x0000000000000c30                n310_get_imei
 .text.n310_get_ip
                0x0000000000000c38        0x8 ../app/libapp.a(n310_stub.c.obj)
                0x0000000000000c38                n310_get_ip
 .text.n310_get_state
                0x0000000000000c40        0xc ../app/libapp.a(n310_stub.c.obj)
                0x0000000000000c40                n310_get_state
 .text.n310_modem_reset
                0x0000000000000c4c       0xa8 ../app/libapp.a(n310_stub.c.obj)
                0x0000000000000c4c                n310_modem_reset
 .text.n310_driver_init
                0x0000000000000cf4      0x138 ../app/libapp.a(n310_stub.c.obj)
 .text.z_reserve_fd
                0x0000000000000e2c       0x70 libzephyr.a(fdtable.c.obj)
                0x0000000000000e2c                z_reserve_fd
 .text.z_finalize_fd
                0x0000000000000e9c       0x14 libzephyr.a(fdtable.c.obj)
                0x0000000000000e9c                z_finalize_fd
 .text.char_out
                0x0000000000000eb0       0x10 libzephyr.a(printk.c.obj)
 .text.__printk_hook_install
                0x0000000000000ec0        0xc libzephyr.a(printk.c.obj)
                0x0000000000000ec0                __printk_hook_install
 .text.vprintk  0x0000000000000ecc       0x1c libzephyr.a(printk.c.obj)
                0x0000000000000ecc                vprintk
 .text.vsnprintk
                0x0000000000000ee8       0x28 libzephyr.a(printk.c.obj)
                0x0000000000000ee8                vsnprintk
 .text.z_work_q_main
                0x0000000000000f10       0x7c libzephyr.a(work_q.c.obj)
                0x0000000000000f10                z_work_q_main
 .text.sys_heap_free
                0x0000000000000f8c       0xac libzephyr.a(heap.c.obj)
                0x0000000000000f8c                sys_heap_free
 .text.sys_heap_aligned_alloc
                0x0000000000001038      0x11c libzephyr.a(heap.c.obj)
                0x0000000000001038                sys_heap_aligned_alloc
 .text.sys_heap_init
                0x0000000000001154      0x138 libzephyr.a(heap.c.obj)
                0x0000000000001154                sys_heap_init
 .text.cbvprintf
                0x000000000000128c      0x780 libzephyr.a(cbprintf_complete.c.obj)
                0x000000000000128c                cbvprintf
 .text.sys_reboot
                0x0000000000001a0c       0x30 libzephyr.a(reboot.c.obj)
                0x0000000000001a0c                sys_reboot
 .text.uart_console_init
                0x0000000000001a3c       0x2c libzephyr.a(uart_console.c.obj)
 .text.console_out
                0x0000000000001a68       0x28 libzephyr.a(uart_console.c.obj)
 .text.uart_pipe_isr
                0x0000000000001a90       0x70 libzephyr.a(uart_pipe.c.obj)
 .text.uart_pipe_send
                0x0000000000001b00       0x24 libzephyr.a(uart_pipe.c.obj)
                0x0000000000001b00                uart_pipe_send
 .text.uart_pipe_register
                0x0000000000001b24       0x78 libzephyr.a(uart_pipe.c.obj)
                0x0000000000001b24                uart_pipe_register
 .text.modem_context_sprint_ip_addr
                0x0000000000001b9c       0x40 libzephyr.a(modem_context.c.obj)
                0x0000000000001b9c                modem_context_sprint_ip_addr
 .text.modem_context_register
                0x0000000000001bdc       0x40 libzephyr.a(modem_context.c.obj)
                0x0000000000001bdc                modem_context_register
 .text.modem_pin_config
                0x0000000000001c1c      0x278 libzephyr.a(modem_pin.c.obj)
                0x0000000000001c1c                modem_pin_config
 .text.wdog_cmsdk_apb_setup
                0x0000000000001e94       0x10 libzephyr.a(wdt_cmsdk_apb.c.obj)
 .text.wdog_cmsdk_apb_disable
                0x0000000000001ea4       0x10 libzephyr.a(wdt_cmsdk_apb.c.obj)
 .text.wdog_cmsdk_apb_install_timeout
                0x0000000000001eb4       0x28 libzephyr.a(wdt_cmsdk_apb.c.obj)
 .text.wdog_cmsdk_apb_feed
                0x0000000000001edc       0x18 libzephyr.a(wdt_cmsdk_apb.c.obj)
 .text.wdog_cmsdk_apb_init
                0x0000000000001ef4       0x34 libzephyr.a(wdt_cmsdk_apb.c.obj)
 .text.wdog_cmsdk_apb_isr
                0x0000000000001f28       0x40 libzephyr.a(wdt_cmsdk_apb.c.obj)
 .text.slip_init
                0x0000000000001f68       0x20 libzephyr.a(slip.c.obj)
 .text.recv_cb  0x0000000000001f88      0x1a8 libzephyr.a(slip.c.obj)
 .text.elapsed  0x0000000000002130       0x3c libzephyr.a(cortex_m_systick.c.obj)
 .text.z_clock_isr
                0x000000000000216c       0x44 libzephyr.a(cortex_m_systick.c.obj)
                0x000000000000216c                z_clock_isr
 .text.z_clock_driver_init
                0x00000000000021b0       0x38 libzephyr.a(cortex_m_systick.c.obj)
                0x00000000000021b0                z_clock_driver_init
 .text.z_clock_set_timeout
                0x00000000000021e8      0x12c libzephyr.a(cortex_m_systick.c.obj)
                0x00000000000021e8                z_clock_set_timeout
 .text.z_clock_elapsed
                0x0000000000002314       0xa8 libzephyr.a(cortex_m_systick.c.obj)
                0x0000000000002314                z_clock_elapsed
 .text.z_timer_cycle_get_32
                0x00000000000023bc       0x98 libzephyr.a(cortex_m_systick.c.obj)
                0x00000000000023bc                z_timer_cycle_get_32
 .text.arch_swap
                0x0000000000002454       0x38 arch/arch/arm/core/aarch32/libarch__arm__core__aarch32.a(swap.c.obj)
                0x0000000000002454                arch_swap
 .text.z_arm_pendsv
                0x000000000000248c       0x58 arch/arch/arm/core/aarch32/libarch__arm__core__aarch32.a(swap_helper.S.obj)
                0x000000000000248c                z_arm_pendsv
 .text.z_arm_svc
                0x00000000000024e4       0x20 arch/arch/arm/core/aarch32/libarch__arm__core__aarch32.a(swap_helper.S.obj)
                0x00000000000024e4                z_arm_svc
 .text.arch_irq_enable
                0x0000000000002504       0x20 arch/arch/arm/core/aarch32/libarch__arm__core__aarch32.a(irq_manage.c.obj)
                0x0000000000002504                arch_irq_enable
 .text.z_arm_irq_priority_set
                0x0000000000002524       0x64 arch/arch/arm/core/aarch32/libarch__arm__core__aarch32.a(irq_manage.c.obj)
                0x0000000000002524                z_arm_irq_priority_set
 .text.arch_new_thread
                0x0000000000002588       0x38 arch/arch/arm/core/aarch32/libarch__arm__core__aarch32.a(thread.c.obj)
                0x0000000000002588                arch_new_thread
 .text.z_check_thread_stack_fail
                0x00000000000025c0       0x30 arch/arch/arm/core/aarch32/libarch__arm__core__aarch32.a(thread.c.obj)
                0x00000000000025c0                z_check_thread_stack_fail
 .text.arch_switch_to_main_thread
                0x00000000000025f0       0x34 arch/arch/arm/core/aarch32/libarch__arm__core__aarch32.a(thread.c.obj)
                0x00000000000025f0                arch_switch_to_main_thread
 .text.z_arm_cpu_idle_init
                0x0000000000002624        0xc arch/arch/arm/core/aarch32/libarch__arm__core__aarch32.a(cpu_idle.S.obj)
                0x0000000000002624                z_arm_cpu_idle_init
 .text.arch_cpu_idle
                0x0000000000002630       0x1c arch/arch/arm/core/aarch32/libarch__arm__core__aarch32.a(cpu_idle.S.obj)
                0x0000000000002630                arch_cpu_idle
 .text.z_arm_fatal_error
                0x000000000000264c       0x5c arch/arch/arm/core/aarch32/libarch__arm__core__aarch32.a(fatal.c.obj)
                0x000000000000264c                z_arm_fatal_error
 .text.DefaultHandler
                0x00000000000026a8       0x18 arch/arch/arm/core/aarch32/libarch__arm__core__aarch32.a(nmi.c.obj)
 .text.z_arm_nmi_init
                0x00000000000026c0       0x10 arch/arch/arm/core/aarch32/libarch__arm__core__aarch32.a(nmi.c.obj)
                0x00000000000026c0                z_arm_nmi_init
 .text.z_NmiHandlerSet
                0x00000000000026d0        0xc arch/arch/arm/core/aarch32/libarch__arm__core__aarch32.a(nmi.c.obj)
                0x00000000000026d0                z_NmiHandlerSet
 .text.z_arm_nmi
                0x00000000000026dc       0x14 arch/arch/arm/core/aarch32/libarch__arm__core__aarch32.a(nmi.c.obj)
                0x00000000000026dc                z_arm_nmi
 .text.z_SysNmiOnReset
                0x00000000000026f0        0x8 arch/arch/arm/core/aarch32/libarch__arm__core__aarch32.a(nmi_on_reset.S.obj)
                0x00000000000026f0                z_SysNmiOnReset
 .text.z_arm_prep_c
                0x00000000000026f8       0x30 arch/arch/arm/core/aarch32/libarch__arm__core__aarch32.a(prep_c.c.obj)
                0x00000000000026f8                z_arm_prep_c
 .text._isr_wrapper
                0x0000000000002728       0x28 arch/arch/arm/core/aarch32/libarch__arm__core__aarch32.a(isr_wrapper.S.obj)
                0x0000000000002728                _isr_wrapper
 .text._reset_section
                0x0000000000002750       0x2c arch/arch/arm/core/aarch32/cortex_m/libarch__arm__core__aarch32__cortex_m.a(reset.S.obj)
                0x0000000000002750                z_arm_reset
                0x0000000000002750                __start
 .text.__fault  0x000000000000277c       0x14 arch/arch/arm/core/aarch32/cortex_m/libarch__arm__core__aarch32__cortex_m.a(fault_s.S.obj)
                0x000000000000277c                z_arm_bus_fault
                0x000000000000277c                z_arm_usage_fault
                0x000000000000277c                z_arm_mpu_fault
                0x000000000000277c                z_arm_exc_spurious
                0x000000000000277c                z_arm_debug_monitor
                0x000000000000277c                z_arm_hard_fault
 .text.mem_manage_fault
                0x0000000000002790      0x10c arch/arch/arm/core/aarch32/cortex_m/libarch__arm__core__aarch32__cortex_m.a(fault.c.obj)
 .text.usage_fault.constprop.0
                0x000000000000289c       0x98 arch/arch/arm/core/aarch32/cortex_m/libarch__arm__core__aarch32__cortex_m.a(fault.c.obj)
 .text.bus_fault.constprop.0
                0x0000000000002934       0xa4 arch/arch/arm/core/aarch32/cortex_m/libarch__arm__core__aarch32__cortex_m.a(fault.c.obj)
 .text.z_arm_fault
                0x00000000000029d8      0x180 arch/arch/arm/core/aarch32/cortex_m/libarch__arm__core__aarch32__cortex_m.a(fault.c.obj)
                0x00000000000029d8                z_arm_fault
 .text.z_arm_fault_init
                0x0000000000002b58       0x10 arch/arch/arm/core/aarch32/cortex_m/libarch__arm__core__aarch32__cortex_m.a(fault.c.obj)
                0x0000000000002b58                z_arm_fault_init
 .text._HandlerModeExit
                0x0000000000002b68       0x1c arch/arch/arm/core/aarch32/cortex_m/libarch__arm__core__aarch32__cortex_m.a(exc_exit.S.obj)
                0x0000000000002b68                z_arm_exc_exit
                0x0000000000002b68                z_arm_int_exit
 .text.sys_arch_reboot
                0x0000000000002b84       0x24 arch/arch/arm/core/aarch32/cortex_m/libarch__arm__core__aarch32__cortex_m.a(scb.c.obj)
                0x0000000000002b84                sys_arch_reboot
 .text.z_arm_interrupt_init
                0x0000000000002ba8       0x18 arch/arch/arm/core/aarch32/cortex_m/libarch__arm__core__aarch32__cortex_m.a(irq_init.c.obj)
                0x0000000000002ba8                z_arm_interrupt_init
 .text.z_impl_k_thread_abort
                0x0000000000002bc0       0x24 arch/arch/arm/core/aarch32/cortex_m/libarch__arm__core__aarch32__cortex_m.a(thread_abort.c.obj)
                0x0000000000002bc0                z_impl_k_thread_abort
 .text.z_arm_configure_static_mpu_regions
                0x0000000000002be4       0x18 arch/arch/arm/core/aarch32/cortex_m/mpu/libarch__arm__core__aarch32__cortex_m__mpu.a(arm_core_mpu.c.obj)
                0x0000000000002be4                z_arm_configure_static_mpu_regions
 .text.z_arm_configure_dynamic_mpu_regions
                0x0000000000002bfc       0x24 arch/arch/arm/core/aarch32/cortex_m/mpu/libarch__arm__core__aarch32__cortex_m__mpu.a(arm_core_mpu.c.obj)
                0x0000000000002bfc                z_arm_configure_dynamic_mpu_regions
 .text.mpu_configure_regions
                0x0000000000002c20       0xa0 arch/arch/arm/core/aarch32/cortex_m/mpu/libarch__arm__core__aarch32__cortex_m__mpu.a(arm_mpu.c.obj)
 .text.arm_core_mpu_enable
                0x0000000000002cc0       0x18 arch/arch/arm/core/aarch32/cortex_m/mpu/libarch__arm__core__aarch32__cortex_m__mpu.a(arm_mpu.c.obj)
                0x0000000000002cc0                arm_core_mpu_enable
 .text.arm_core_mpu_disable
                0x0000000000002cd8       0x14 arch/arch/arm/core/aarch32/cortex_m/mpu/libarch__arm__core__aarch32__cortex_m__mpu.a(arm_mpu.c.obj)
                0x0000000000002cd8                arm_core_mpu_disable
 .text.arm_mpu_init
                0x0000000000002cec       0xc4 arch/arch/arm/core/aarch32/cortex_m/mpu/libarch__arm__core__aarch32__cortex_m__mpu.a(arm_mpu.c.obj)
 .text.arm_core_mpu_configure_static_mpu_regions
                0x0000000000002db0       0x50 arch/arch/arm/core/aarch32/cortex_m/mpu/libarch__arm__core__aarch32__cortex_m__mpu.a(arm_mpu.c.obj)
                0x0000000000002db0                arm_core_mpu_configure_static_mpu_regions
 .text.arm_core_mpu_configure_dynamic_mpu_regions
                0x0000000000002e00       0x68 arch/arch/arm/core/aarch32/cortex_m/mpu/libarch__arm__core__aarch32__cortex_m__mpu.a(arm_mpu.c.obj)
                0x0000000000002e00                arm_core_mpu_configure_dynamic_mpu_regions
 .text.__stdout_hook_install
                0x0000000000002e68        0xc lib/libc/minimal/liblib__libc__minimal.a(stdout_console.c.obj)
                0x0000000000002e68                __stdout_hook_install
 .text.arm_mps2_pinmux_init
                0x0000000000002e74       0x24 boards/arm/mps2_an385/libboards__arm__mps2_an385.a(pinmux.c.obj)
 .text.net_buf_id
                0x0000000000002e98       0x20 subsys/net/libsubsys__net.a(buf.c.obj)
                0x0000000000002e98                net_buf_id
 .text.fixed_data_alloc
                0x0000000000002eb8       0x30 subsys/net/libsubsys__net.a(buf.c.obj)
 .text.net_buf_reset
                0x0000000000002ee8       0x50 subsys/net/libsubsys__net.a(buf.c.obj)
                0x0000000000002ee8                net_buf_reset
 .text.net_buf_alloc_len
                0x0000000000002f38      0x16c subsys/net/libsubsys__net.a(buf.c.obj)
                0x0000000000002f38                net_buf_alloc_len
 .text.net_buf_unref
                0x00000000000030a4       0x88 subsys/net/libsubsys__net.a(buf.c.obj)
                0x00000000000030a4                net_buf_unref
 .text.net_buf_frag_last
                0x000000000000312c       0x34 subsys/net/libsubsys__net.a(buf.c.obj)
                0x000000000000312c                net_buf_frag_last
 .text.net_buf_frag_insert
                0x0000000000003160       0x5c subsys/net/libsubsys__net.a(buf.c.obj)
                0x0000000000003160                net_buf_frag_insert
 .text.net_buf_simple_pull
                0x00000000000031bc       0x40 subsys/net/libsubsys__net.a(buf.c.obj)
                0x00000000000031bc                net_buf_simple_pull
 .text.net_buf_simple_add
                0x00000000000031fc       0x44 subsys/net/libsubsys__net.a(buf.c.obj)
                0x00000000000031fc                net_buf_simple_add
 .text.ethernet_send
                0x0000000000003240      0x170 subsys/net/l2/ethernet/libsubsys__net__l2__ethernet.a(ethernet.c.obj)
 .text.net_eth_broadcast_addr
                0x00000000000033b0        0x8 subsys/net/l2/ethernet/libsubsys__net__l2__ethernet.a(ethernet.c.obj)
                0x00000000000033b0                net_eth_broadcast_addr
 .text.arp_entry_get_last_from_table
                0x00000000000033b8       0x28 subsys/net/l2/ethernet/libsubsys__net__l2__ethernet.a(arp.c.obj)
 .text.arp_update
                0x00000000000033e0      0x110 subsys/net/l2/ethernet/libsubsys__net__l2__ethernet.a(arp.c.obj)
 .text.arp_request_timeout
                0x00000000000034f0       0x88 subsys/net/l2/ethernet/libsubsys__net__l2__ethernet.a(arp.c.obj)
 .text.net_arp_prepare
                0x0000000000003578      0x1d4 subsys/net/l2/ethernet/libsubsys__net__l2__ethernet.a(arp.c.obj)
                0x0000000000003578                net_arp_prepare
 .text.net_arp_clear_cache
                0x000000000000374c       0xb0 subsys/net/l2/ethernet/libsubsys__net__l2__ethernet.a(arp.c.obj)
                0x000000000000374c                net_arp_clear_cache
 .text.net_arp_init
                0x00000000000037fc       0x58 subsys/net/l2/ethernet/libsubsys__net__l2__ethernet.a(arp.c.obj)
                0x00000000000037fc                net_arp_init
 .text.net_recv_data
                0x0000000000003854       0x7c subsys/net/ip/libsubsys__net__ip.a(net_core.c.obj)
                0x0000000000003854                net_recv_data
 .text.net_ipv4_is_ll_addr
                0x00000000000038d0       0x18 subsys/net/ip/libsubsys__net__ip.a(net_if.c.obj)
 .text.net_if_flag_is_set
                0x00000000000038e8       0x4c subsys/net/ip/libsubsys__net__ip.a(net_if.c.obj)
 .text.net_if_flag_set.constprop.0
                0x0000000000003934       0x54 subsys/net/ip/libsubsys__net__ip.a(net_if.c.obj)
 .text.iface_router_update_timer
                0x0000000000003988       0x7c subsys/net/ip/libsubsys__net__ip.a(net_if.c.obj)
 .text.net_if_ipv4_get_best_match.isra.0
                0x0000000000003a04       0x6c subsys/net/ip/libsubsys__net__ip.a(net_if.c.obj)
 .text.need_calc_checksum
                0x0000000000003a70       0x30 subsys/net/ip/libsubsys__net__ip.a(net_if.c.obj)
 .text.iface_router_expired
                0x0000000000003aa0       0x98 subsys/net/ip/libsubsys__net__ip.a(net_if.c.obj)
 .text.net_if_queue_tx
                0x0000000000003b38       0x28 subsys/net/ip/libsubsys__net__ip.a(net_if.c.obj)
                0x0000000000003b38                net_if_queue_tx
 .text.net_if_ipv4_is_addr_bcast
                0x0000000000003b60       0x64 subsys/net/ip/libsubsys__net__ip.a(net_if.c.obj)
                0x0000000000003b60                net_if_ipv4_is_addr_bcast
 .text.net_if_ipv4_select_src_addr
                0x0000000000003bc4       0xfc subsys/net/ip/libsubsys__net__ip.a(net_if.c.obj)
                0x0000000000003bc4                net_if_ipv4_select_src_addr
 .text.net_if_ipv4_addr_lookup
                0x0000000000003cc0       0x78 subsys/net/ip/libsubsys__net__ip.a(net_if.c.obj)
                0x0000000000003cc0                net_if_ipv4_addr_lookup
 .text.net_if_call_link_cb
                0x0000000000003d38       0x28 subsys/net/ip/libsubsys__net__ip.a(net_if.c.obj)
                0x0000000000003d38                net_if_call_link_cb
 .text.process_tx_packet
                0x0000000000003d60       0x8c subsys/net/ip/libsubsys__net__ip.a(net_if.c.obj)
 .text.net_if_up
                0x0000000000003dec       0x78 subsys/net/ip/libsubsys__net__ip.a(net_if.c.obj)
                0x0000000000003dec                net_if_up
 .text.net_if_init
                0x0000000000003e64       0xac subsys/net/ip/libsubsys__net__ip.a(net_if.c.obj)
                0x0000000000003e64                net_if_init
 .text.net_if_post_init
                0x0000000000003f10       0x5c subsys/net/ip/libsubsys__net__ip.a(net_if.c.obj)
                0x0000000000003f10                net_if_post_init
 .text.z_impl_net_addr_ntop
                0x0000000000003f6c      0x1cc subsys/net/ip/libsubsys__net__ip.a(utils.c.obj)
                0x0000000000003f6c                z_impl_net_addr_ntop
 .text.net_ipv4_unspecified_address
                0x0000000000004138        0x8 subsys/net/ip/libsubsys__net__ip.a(utils.c.obj)
                0x0000000000004138                net_ipv4_unspecified_address
 .text.net_ipv4_broadcast_address
                0x0000000000004140        0x8 subsys/net/ip/libsubsys__net__ip.a(utils.c.obj)
                0x0000000000004140                net_ipv4_broadcast_address
 .text.net_context_init
                0x0000000000004148       0x10 subsys/net/ip/libsubsys__net__ip.a(net_context.c.obj)
                0x0000000000004148                net_context_init
 .text.net_pkt_get_reserve_rx_data
                0x0000000000004158       0x10 subsys/net/ip/libsubsys__net__ip.a(net_pkt.c.obj)
                0x0000000000004158                net_pkt_get_reserve_rx_data
 .text.net_pkt_get_reserve_tx_data
                0x0000000000004168       0x10 subsys/net/ip/libsubsys__net__ip.a(net_pkt.c.obj)
                0x0000000000004168                net_pkt_get_reserve_tx_data
 .text.net_pkt_get_frag
                0x0000000000004178       0x20 subsys/net/ip/libsubsys__net__ip.a(net_pkt.c.obj)
                0x0000000000004178                net_pkt_get_frag
 .text.pkt_alloc
                0x0000000000004198       0x60 subsys/net/ip/libsubsys__net__ip.a(net_pkt.c.obj)
 .text.net_pkt_rx_alloc_on_iface
                0x00000000000041f8        0xc subsys/net/ip/libsubsys__net__ip.a(net_pkt.c.obj)
                0x00000000000041f8                net_pkt_rx_alloc_on_iface
 .text.net_pkt_alloc_buffer
                0x0000000000004204      0x180 subsys/net/ip/libsubsys__net__ip.a(net_pkt.c.obj)
                0x0000000000004204                net_pkt_alloc_buffer
 .text.net_pkt_alloc_with_buffer
                0x0000000000004384       0x24 subsys/net/ip/libsubsys__net__ip.a(net_pkt.c.obj)
                0x0000000000004384                net_pkt_alloc_with_buffer
 .text.net_tc_submit_to_tx_queue
                0x00000000000043a8       0x28 subsys/net/ip/libsubsys__net__ip.a(net_tc.c.obj)
                0x00000000000043a8                net_tc_submit_to_tx_queue
 .text.net_tc_submit_to_rx_queue
                0x00000000000043d0       0x10 subsys/net/ip/libsubsys__net__ip.a(net_tc.c.obj)
                0x00000000000043d0                net_tc_submit_to_rx_queue
 .text.net_tx_priority2tc
                0x00000000000043e0       0x10 subsys/net/ip/libsubsys__net__ip.a(net_tc.c.obj)
                0x00000000000043e0                net_tx_priority2tc
 .text.net_tc_tx_init
                0x00000000000043f0       0x3c subsys/net/ip/libsubsys__net__ip.a(net_tc.c.obj)
                0x00000000000043f0                net_tc_tx_init
 .text.net_tc_rx_init
                0x000000000000442c       0x3c subsys/net/ip/libsubsys__net__ip.a(net_tc.c.obj)
                0x000000000000442c                net_tc_rx_init
 .text.net_icmpv4_register_handler
                0x0000000000004468       0x14 subsys/net/ip/libsubsys__net__ip.a(icmpv4.c.obj)
                0x0000000000004468                net_icmpv4_register_handler
 .text.net_icmpv4_input
                0x000000000000447c       0x80 subsys/net/ip/libsubsys__net__ip.a(icmpv4.c.obj)
                0x000000000000447c                net_icmpv4_input
 .text.net_icmpv4_init
                0x00000000000044fc        0xc subsys/net/ip/libsubsys__net__ip.a(icmpv4.c.obj)
                0x00000000000044fc                net_icmpv4_init
 .text.net_conn_input
                0x0000000000004508      0x1f4 subsys/net/ip/libsubsys__net__ip.a(connection.c.obj)
                0x0000000000004508                net_conn_input
 .text.net_conn_init
                0x00000000000046fc       0x48 subsys/net/ip/libsubsys__net__ip.a(connection.c.obj)
                0x00000000000046fc                net_conn_init
 .text.test_cb  0x0000000000004744       0x30 subsys/testsuite/ztest/libsubsys__testsuite__ztest.a(ztest.c.obj)
 .text.ztest_test_fail
                0x0000000000004774       0x24 subsys/testsuite/ztest/libsubsys__testsuite__ztest.a(ztest.c.obj)
                0x0000000000004774                ztest_test_fail
 .text.z_ztest_run_test_suite
                0x0000000000004798      0x170 subsys/testsuite/ztest/libsubsys__testsuite__ztest.a(ztest.c.obj)
                0x0000000000004798                z_ztest_run_test_suite
 .text.end_report
                0x0000000000004908       0x38 subsys/testsuite/ztest/libsubsys__testsuite__ztest.a(ztest.c.obj)
                0x0000000000004908                end_report
 .text.free_parameter
                0x0000000000004940       0x64 subsys/testsuite/ztest/libsubsys__testsuite__ztest.a(ztest_mock.c.obj)
 .text.z_cleanup_mock
                0x00000000000049a4       0x58 subsys/testsuite/ztest/libsubsys__testsuite__ztest.a(ztest_mock.c.obj)
                0x00000000000049a4                z_cleanup_mock
 .text.gpio_cmsdk_ahb_manage_callback
                0x00000000000049fc       0xac drivers/gpio/libdrivers__gpio.a(gpio_cmsdk_ahb.c.obj)
 .text.gpio_cmsdk_ahb_isr
                0x0000000000004aa8       0x70 drivers/gpio/libdrivers__gpio.a(gpio_cmsdk_ahb.c.obj)
 .text.i2c_sbcon_init
                0x0000000000004b18       0x18 drivers/i2c/libdrivers__i2c.a(i2c_sbcon.c.obj)
 .text.z_sys_init_run_level
                0x0000000000004b30       0x40 kernel/libkernel.a(device.c.obj)
                0x0000000000004b30                z_sys_init_run_level
 .text.z_impl_device_get_binding
                0x0000000000004b70       0x54 kernel/libkernel.a(device.c.obj)
                0x0000000000004b70                z_impl_device_get_binding
 .text.z_impl_z_errno
                0x0000000000004bc4        0xc kernel/libkernel.a(errno.c.obj)
                0x0000000000004bc4                z_impl_z_errno
 .text.k_sys_fatal_error_handler
                0x0000000000004bd0       0x18 kernel/libkernel.a(fatal.c.obj)
                0x0000000000004bd0                k_sys_fatal_error_handler
 .text.z_fatal_error
                0x0000000000004be8       0xb4 kernel/libkernel.a(fatal.c.obj)
                0x0000000000004be8                z_fatal_error
 .text.z_bss_zero
                0x0000000000004c9c       0x14 kernel/libkernel.a(init.c.obj)
                0x0000000000004c9c                z_bss_zero
 .text.bg_thread_main
                0x0000000000004cb0       0x34 kernel/libkernel.a(init.c.obj)
 .text.z_cstart
                0x0000000000004ce4      0x118 kernel/libkernel.a(init.c.obj)
                0x0000000000004ce4                z_cstart
 .text.statics_init
                0x0000000000004dfc       0x54 kernel/libkernel.a(kheap.c.obj)
 .text.k_heap_aligned_alloc
                0x0000000000004e50      0x150 kernel/libkernel.a(kheap.c.obj)
                0x0000000000004e50                k_heap_aligned_alloc
 .text.k_heap_free
                0x0000000000004fa0       0xa8 kernel/libkernel.a(kheap.c.obj)
                0x0000000000004fa0                k_heap_free
 .text.init_mem_slab_module
                0x0000000000005048       0x74 kernel/libkernel.a(mem_slab.c.obj)
 .text.k_mem_slab_alloc
                0x00000000000050bc       0xd8 kernel/libkernel.a(mem_slab.c.obj)
                0x00000000000050bc                k_mem_slab_alloc
 .text.k_mem_slab_free
                0x0000000000005194       0xc0 kernel/libkernel.a(mem_slab.c.obj)
                0x0000000000005194                k_mem_slab_free
 .text.z_impl_k_mutex_lock
                0x0000000000005254      0x1e8 kernel/libkernel.a(mutex.c.obj)
                0x0000000000005254                z_impl_k_mutex_lock
 .text.z_impl_k_mutex_unlock
                0x000000000000543c      0x18c kernel/libkernel.a(mutex.c.obj)
                0x000000000000543c                z_impl_k_mutex_unlock
 .text.queue_insert
                0x00000000000055c8      0x138 kernel/libkernel.a(queue.c.obj)
 .text.z_impl_k_queue_get
                0x0000000000005700       0xdc kernel/libkernel.a(queue.c.obj)
                0x0000000000005700                z_impl_k_queue_get
 .text.z_reset_time_slice
                0x00000000000057dc       0x2c kernel/libkernel.a(sched.c.obj)
                0x00000000000057dc                z_reset_time_slice
 .text.k_sched_time_slice_set
                0x0000000000005808       0xd8 kernel/libkernel.a(sched.c.obj)
                0x0000000000005808                k_sched_time_slice_set
 .text.z_reschedule
                0x00000000000058e0       0x88 kernel/libkernel.a(sched.c.obj)
                0x00000000000058e0                z_reschedule
 .text.k_sched_lock
                0x0000000000005968       0xec kernel/libkernel.a(sched.c.obj)
                0x0000000000005968                k_sched_lock
 .text.z_priq_dumb_remove
                0x0000000000005a54       0x44 kernel/libkernel.a(sched.c.obj)
                0x0000000000005a54                z_priq_dumb_remove
 .text.unpend_thread_no_timeout
                0x0000000000005a98       0x44 kernel/libkernel.a(sched.c.obj)
 .text.z_unpend_thread
                0x0000000000005adc       0x98 kernel/libkernel.a(sched.c.obj)
                0x0000000000005adc                z_unpend_thread
 .text.update_cache
                0x0000000000005b74       0x6c kernel/libkernel.a(sched.c.obj)
 .text.unready_thread
                0x0000000000005be0       0x38 kernel/libkernel.a(sched.c.obj)
 .text.add_to_waitq_locked
                0x0000000000005c18       0x80 kernel/libkernel.a(sched.c.obj)
 .text.pend     0x0000000000005c98       0xbc kernel/libkernel.a(sched.c.obj)
 .text.z_pend_curr
                0x0000000000005d54       0x60 kernel/libkernel.a(sched.c.obj)
                0x0000000000005d54                z_pend_curr
 .text.k_sched_unlock
                0x0000000000005db4       0xf8 kernel/libkernel.a(sched.c.obj)
                0x0000000000005db4                k_sched_unlock
 .text.move_thread_to_end_of_prio_q
                0x0000000000005eac       0xa8 kernel/libkernel.a(sched.c.obj)
 .text.z_time_slice
                0x0000000000005f54       0xec kernel/libkernel.a(sched.c.obj)
                0x0000000000005f54                z_time_slice
 .text.ready_thread
                0x0000000000006040       0x98 kernel/libkernel.a(sched.c.obj)
 .text.z_ready_thread
                0x00000000000060d8       0x90 kernel/libkernel.a(sched.c.obj)
                0x00000000000060d8                z_ready_thread
 .text.z_sched_start
                0x0000000000006168       0xa8 kernel/libkernel.a(sched.c.obj)
                0x0000000000006168                z_sched_start
 .text.z_thread_timeout
                0x0000000000006210       0xb4 kernel/libkernel.a(sched.c.obj)
                0x0000000000006210                z_thread_timeout
 .text.z_set_prio
                0x00000000000062c4      0x130 kernel/libkernel.a(sched.c.obj)
                0x00000000000062c4                z_set_prio
 .text.z_unpend_first_thread
                0x00000000000063f4       0xa0 kernel/libkernel.a(sched.c.obj)
                0x00000000000063f4                z_unpend_first_thread
 .text.z_sched_init
                0x0000000000006494       0x18 kernel/libkernel.a(sched.c.obj)
                0x0000000000006494                z_sched_init
 .text.z_impl_k_yield
                0x00000000000064ac      0x15c kernel/libkernel.a(sched.c.obj)
                0x00000000000064ac                z_impl_k_yield
 .text.z_impl_k_current_get
                0x0000000000006608        0xc kernel/libkernel.a(sched.c.obj)
                0x0000000000006608                z_impl_k_current_get
 .text.z_thread_abort
                0x0000000000006614      0x168 kernel/libkernel.a(sched.c.obj)
                0x0000000000006614                z_thread_abort
 .text.z_impl_k_thread_join
                0x000000000000677c      0x148 kernel/libkernel.a(sched.c.obj)
                0x000000000000677c                z_impl_k_thread_join
 .text.z_impl_k_sem_give
                0x00000000000068c4       0x88 kernel/libkernel.a(sem.c.obj)
                0x00000000000068c4                z_impl_k_sem_give
 .text.z_impl_k_sem_take
                0x000000000000694c      0x114 kernel/libkernel.a(sem.c.obj)
                0x000000000000694c                z_impl_k_sem_take
 .text.k_sys_work_q_init
                0x0000000000006a60       0x30 kernel/libkernel.a(system_work_q.c.obj)
 .text.z_impl_k_thread_name_set
                0x0000000000006a90       0x20 kernel/libkernel.a(thread.c.obj)
                0x0000000000006a90                z_impl_k_thread_name_set
 .text.z_setup_new_thread
                0x0000000000006ab0       0xec kernel/libkernel.a(thread.c.obj)
                0x0000000000006ab0                z_setup_new_thread
 .text.z_impl_k_thread_create
                0x0000000000006b9c       0xa0 kernel/libkernel.a(thread.c.obj)
                0x0000000000006b9c                z_impl_k_thread_create
 .text.z_init_static_threads
                0x0000000000006c3c      0x108 kernel/libkernel.a(thread.c.obj)
                0x0000000000006c3c                z_init_static_threads
 .text.z_spin_lock_valid
                0x0000000000006d44       0x1c kernel/libkernel.a(thread.c.obj)
                0x0000000000006d44                z_spin_lock_valid
 .text.z_spin_unlock_valid
                0x0000000000006d60       0x1c kernel/libkernel.a(thread.c.obj)
                0x0000000000006d60                z_spin_unlock_valid
 .text.z_spin_lock_set_owner
                0x0000000000006d7c       0x10 kernel/libkernel.a(thread.c.obj)
                0x0000000000006d7c                z_spin_lock_set_owner
 .text.k_work_q_start
                0x0000000000006d8c       0x4c kernel/libkernel.a(work_q.c.obj)
                0x0000000000006d8c                k_work_q_start
 .text.k_delayed_work_submit_to_queue
                0x0000000000006dd8      0x110 kernel/libkernel.a(work_q.c.obj)
                0x0000000000006dd8                k_delayed_work_submit_to_queue
 .text.k_delayed_work_cancel
                0x0000000000006ee8       0x9c kernel/libkernel.a(work_q.c.obj)
                0x0000000000006ee8                k_delayed_work_cancel
 .text.boot_banner
                0x0000000000006f84       0x18 kernel/libkernel.a(banner.c.obj)
                0x0000000000006f84                boot_banner
 .text.z_data_copy
                0x0000000000006f9c       0x34 kernel/libkernel.a(xip.c.obj)
                0x0000000000006f9c                z_data_copy
 .text.elapsed  0x0000000000006fd0       0x14 kernel/libkernel.a(timeout.c.obj)
 .text.next_timeout
                0x0000000000006fe4       0x50 kernel/libkernel.a(timeout.c.obj)
 .text.remove_timeout
                0x0000000000007034       0x34 kernel/libkernel.a(timeout.c.obj)
 .text.timeout_rem
                0x0000000000007068       0x4c kernel/libkernel.a(timeout.c.obj)
 .text.z_add_timeout
                0x00000000000070b4      0x19c kernel/libkernel.a(timeout.c.obj)
                0x00000000000070b4                z_add_timeout
 .text.z_abort_timeout
                0x0000000000007250       0x9c kernel/libkernel.a(timeout.c.obj)
                0x0000000000007250                z_abort_timeout
 .text.z_timeout_remaining
                0x00000000000072ec       0x98 kernel/libkernel.a(timeout.c.obj)
                0x00000000000072ec                z_timeout_remaining
 .text.z_get_next_timeout_expiry
                0x0000000000007384       0x90 kernel/libkernel.a(timeout.c.obj)
                0x0000000000007384                z_get_next_timeout_expiry
 .text.z_set_timeout_expiry
                0x0000000000007414       0xa0 kernel/libkernel.a(timeout.c.obj)
                0x0000000000007414                z_set_timeout_expiry
 .text.z_clock_announce
                0x00000000000074b4      0x174 kernel/libkernel.a(timeout.c.obj)
                0x00000000000074b4                z_clock_announce
 .text.z_tick_get
                0x0000000000007628       0xa0 kernel/libkernel.a(timeout.c.obj)
                0x0000000000007628                z_tick_get
 .text.signal_poll_event
                0x00000000000076c8       0xe8 kernel/libkernel.a(poll.c.obj)
 .text.z_thread_aligned_alloc
                0x00000000000077b0       0x78 kernel/libkernel.a(mempool.c.obj)
                0x00000000000077b0                z_thread_aligned_alloc
 .text.unit_test_noop
                0x0000000000007828        0x2 ../app/libapp.a(main.c.obj)
 .text.offload_is_supported
                0x000000000000782a        0x4 ../app/libapp.a(n310_stub.c.obj)
 .text.z_errno  0x000000000000782e        0x4 ../app/libapp.a(n310_stub.c.obj)
 .text.arch_printk_char_out
                0x0000000000007832        0x4 libzephyr.a(printk.c.obj)
                0x0000000000007832                arch_printk_char_out
 .text.str_out  0x0000000000007836       0x26 libzephyr.a(printk.c.obj)
 .text.printk   0x000000000000785c       0x1a libzephyr.a(printk.c.obj)
                0x000000000000785c                printk
 .text.snprintk
                0x0000000000007876       0x1a libzephyr.a(printk.c.obj)
                0x0000000000007876                snprintk
 .text.z_thread_entry
                0x0000000000007890       0x14 libzephyr.a(thread_entry.c.obj)
                0x0000000000007890                z_thread_entry
 .text.chunk_field
                0x00000000000078a4       0x16 libzephyr.a(heap.c.obj)
 .text.chunk_set
                0x00000000000078ba       0x16 libzephyr.a(heap.c.obj)
 .text.chunk_size
                0x00000000000078d0        0xc libzephyr.a(heap.c.obj)
 .text.set_chunk_used
                0x00000000000078dc       0x30 libzephyr.a(heap.c.obj)
 .text.set_chunk_size
                0x000000000000790c        0x8 libzephyr.a(heap.c.obj)
 .text.bytes_to_chunksz.isra.0
                0x0000000000007914       0x12 libzephyr.a(heap.c.obj)
 .text.bucket_idx.isra.0
                0x0000000000007926       0x18 libzephyr.a(heap.c.obj)
 .text.free_list_remove_bidx
                0x000000000000793e       0x5e libzephyr.a(heap.c.obj)
 .text.free_list_remove
                0x000000000000799c       0x2e libzephyr.a(heap.c.obj)
 .text.alloc_chunk
                0x00000000000079ca       0x86 libzephyr.a(heap.c.obj)
 .text.split_chunks
                0x0000000000007a50       0x4e libzephyr.a(heap.c.obj)
 .text.merge_chunks
                0x0000000000007a9e       0x3c libzephyr.a(heap.c.obj)
 .text.free_list_add
                0x0000000000007ada       0x86 libzephyr.a(heap.c.obj)
 .text.free_chunk
                0x0000000000007b60       0x84 libzephyr.a(heap.c.obj)
 .text.sys_heap_alloc
                0x0000000000007be4       0x64 libzephyr.a(heap.c.obj)
                0x0000000000007be4                sys_heap_alloc
 .text.encode_uint
                0x0000000000007c48       0x8c libzephyr.a(cbprintf_complete.c.obj)
 .text.outs     0x0000000000007cd4       0x2c libzephyr.a(cbprintf_complete.c.obj)
 .text.assert_post_action
                0x0000000000007d00        0xe libzephyr.a(assert.c.obj)
                0x0000000000007d00                assert_post_action
 .text._ConfigAbsSyms
                0x0000000000007d0e        0x2 libzephyr.a(configs.c.obj)
                0x0000000000007d0e                _ConfigAbsSyms
 .text.arm_mps2_init
                0x0000000000007d10        0xa libzephyr.a(soc.c.obj)
 .text.z_log_minimal_printk
                0x0000000000007d1a       0x1a libzephyr.a(log_minimal.c.obj)
                0x0000000000007d1a                z_log_minimal_printk
 .text.modem_context_get_addr_port
                0x0000000000007d34       0x24 libzephyr.a(modem_context.c.obj)
                0x0000000000007d34                modem_context_get_addr_port
 .text.modem_pin_init
                0x0000000000007d58       0x3e libzephyr.a(modem_pin.c.obj)
                0x0000000000007d58                modem_pin_init
 .text.k_sem_take
                0x0000000000007d96        0x4 libzephyr.a(modem_socket.c.obj)
 .text.k_sem_give
                0x0000000000007d9a        0x4 libzephyr.a(modem_socket.c.obj)
 .text.modem_socket_next_packet_size
                0x0000000000007d9e       0x2c libzephyr.a(modem_socket.c.obj)
                0x0000000000007d9e                modem_socket_next_packet_size
 .text.modem_socket_packet_size_update
                0x0000000000007dca       0xf4 libzephyr.a(modem_socket.c.obj)
                0x0000000000007dca                modem_socket_packet_size_update
 .text.modem_socket_get
                0x0000000000007ebe       0x92 libzephyr.a(modem_socket.c.obj)
                0x0000000000007ebe                modem_socket_get
 .text.modem_socket_from_fd
                0x0000000000007f50       0x4a libzephyr.a(modem_socket.c.obj)
                0x0000000000007f50                modem_socket_from_fd
 .text.modem_socket_from_id
                0x0000000000007f9a       0x50 libzephyr.a(modem_socket.c.obj)
                0x0000000000007f9a                modem_socket_from_id
 .text.modem_socket_put
                0x0000000000007fea       0x66 libzephyr.a(modem_socket.c.obj)
                0x0000000000007fea                modem_socket_put
 .text.modem_socket_wait_data
                0x0000000000008050       0x38 libzephyr.a(modem_socket.c.obj)
                0x0000000000008050                modem_socket_wait_data
 .text.modem_socket_data_ready
                0x0000000000008088       0x44 libzephyr.a(modem_socket.c.obj)
                0x0000000000008088                modem_socket_data_ready
 .text.modem_socket_init
                0x00000000000080cc       0x50 libzephyr.a(modem_socket.c.obj)
                0x00000000000080cc                modem_socket_init
 .text.eth_capabilities
                0x000000000000811c        0x4 libzephyr.a(slip.c.obj)
 .text.slip_writeb
                0x0000000000008120       0x14 libzephyr.a(slip.c.obj)
 .text.slip_send
                0x0000000000008134       0x56 libzephyr.a(slip.c.obj)
 .text.slip_iface_init
                0x000000000000818a       0x5a libzephyr.a(slip.c.obj)
 .text.sys_clock_disable
                0x00000000000081e4        0xe libzephyr.a(cortex_m_systick.c.obj)
                0x00000000000081e4                sys_clock_disable
 .text.z_irq_spurious
                0x00000000000081f2        0x8 arch/arch/arm/core/aarch32/libarch__arm__core__aarch32.a(irq_manage.c.obj)
                0x00000000000081f2                z_irq_spurious
 .text.z_do_kernel_oops
                0x00000000000081fa        0x8 arch/arch/arm/core/aarch32/libarch__arm__core__aarch32.a(fatal.c.obj)
                0x00000000000081fa                z_do_kernel_oops
 .text.strtol   0x0000000000008202       0xe8 lib/libc/minimal/liblib__libc__minimal.a(strtol.c.obj)
                0x0000000000008202                strtol
 .text.strcpy   0x00000000000082ea       0x14 lib/libc/minimal/liblib__libc__minimal.a(string.c.obj)
                0x00000000000082ea                strcpy
 .text.strncpy  0x00000000000082fe       0x24 lib/libc/minimal/liblib__libc__minimal.a(string.c.obj)
                0x00000000000082fe                strncpy
 .text.strchr   0x0000000000008322       0x1c lib/libc/minimal/liblib__libc__minimal.a(string.c.obj)
                0x0000000000008322                strchr
 .text.strlen   0x000000000000833e        0xe lib/libc/minimal/liblib__libc__minimal.a(string.c.obj)
                0x000000000000833e                strlen
 .text.strnlen  0x000000000000834c       0x12 lib/libc/minimal/liblib__libc__minimal.a(string.c.obj)
                0x000000000000834c                strnlen
 .text.strcmp   0x000000000000835e       0x18 lib/libc/minimal/liblib__libc__minimal.a(string.c.obj)
                0x000000000000835e                strcmp
 .text.memcmp   0x0000000000008376       0x22 lib/libc/minimal/liblib__libc__minimal.a(string.c.obj)
                0x0000000000008376                memcmp
 .text.memmove  0x0000000000008398       0x30 lib/libc/minimal/liblib__libc__minimal.a(string.c.obj)
                0x0000000000008398                memmove
 .text.memcpy   0x00000000000083c8       0x56 lib/libc/minimal/liblib__libc__minimal.a(string.c.obj)
                0x00000000000083c8                memcpy
 .text.memset   0x000000000000841e       0x46 lib/libc/minimal/liblib__libc__minimal.a(string.c.obj)
                0x000000000000841e                memset
 .text._stdout_hook_default
                0x0000000000008464        0x6 lib/libc/minimal/liblib__libc__minimal.a(stdout_console.c.obj)
 .text.fixed_data_unref
                0x000000000000846a        0x2 subsys/net/libsubsys__net.a(buf.c.obj)
 .text.net_buf_alloc_fixed
                0x000000000000846c        0xa subsys/net/libsubsys__net.a(buf.c.obj)
                0x000000000000846c                net_buf_alloc_fixed
 .text.net_buf_linearize
                0x0000000000008476       0x54 subsys/net/libsubsys__net.a(buf.c.obj)
                0x0000000000008476                net_buf_linearize
 .text.net_buf_simple_tailroom
                0x00000000000084ca       0x10 subsys/net/libsubsys__net.a(buf.c.obj)
                0x00000000000084ca                net_buf_simple_tailroom
 .text.net_buf_simple_add_u8
                0x00000000000084da        0xe subsys/net/libsubsys__net.a(buf.c.obj)
                0x00000000000084da                net_buf_simple_add_u8
 .text.net_buf_simple_max_len
                0x00000000000084e8        0xe subsys/net/libsubsys__net.a(buf.c.obj)
                0x00000000000084e8                net_buf_simple_max_len
 .text.net_ipv4_is_addr_mcast
                0x00000000000084f6       0x10 subsys/net/l2/ethernet/libsubsys__net__l2__ethernet.a(ethernet.c.obj)
 .text.ethernet_flags
                0x0000000000008506        0x8 subsys/net/l2/ethernet/libsubsys__net__l2__ethernet.a(ethernet.c.obj)
                0x0000000000008506                ethernet_flags
 .text.ethernet_enable
                0x000000000000850e       0x32 subsys/net/l2/ethernet/libsubsys__net__l2__ethernet.a(ethernet.c.obj)
 .text.net_eth_is_addr_broadcast
                0x0000000000008540       0x2e subsys/net/l2/ethernet/libsubsys__net__l2__ethernet.a(ethernet.c.obj)
 .text.net_eth_get_hw_capabilities.isra.0
                0x000000000000856e        0xe subsys/net/l2/ethernet/libsubsys__net__l2__ethernet.a(ethernet.c.obj)
 .text.ethernet_recv
                0x000000000000857c      0x140 subsys/net/l2/ethernet/libsubsys__net__l2__ethernet.a(ethernet.c.obj)
 .text.ethernet_init
                0x00000000000086bc       0x24 subsys/net/l2/ethernet/libsubsys__net__l2__ethernet.a(ethernet.c.obj)
                0x00000000000086bc                ethernet_init
 .text.sys_slist_prepend
                0x00000000000086e0        0xe subsys/net/l2/ethernet/libsubsys__net__l2__ethernet.a(arp.c.obj)
 .text.sys_slist_remove
                0x00000000000086ee       0x20 subsys/net/l2/ethernet/libsubsys__net__l2__ethernet.a(arp.c.obj)
 .text.k_uptime_get_32
                0x000000000000870e        0xc subsys/net/l2/ethernet/libsubsys__net__l2__ethernet.a(arp.c.obj)
 .text.arp_entry_cleanup
                0x000000000000871a       0x30 subsys/net/l2/ethernet/libsubsys__net__l2__ethernet.a(arp.c.obj)
 .text.if_get_addr.isra.0
                0x000000000000874a       0x2a subsys/net/l2/ethernet/libsubsys__net__l2__ethernet.a(arp.c.obj)
 .text.arp_entry_find.isra.0
                0x0000000000008774       0x1e subsys/net/l2/ethernet/libsubsys__net__l2__ethernet.a(arp.c.obj)
 .text.net_arp_input
                0x0000000000008792      0x1f2 subsys/net/l2/ethernet/libsubsys__net__l2__ethernet.a(arp.c.obj)
                0x0000000000008792                net_arp_input
 .text.processing_data
                0x0000000000008984       0x42 subsys/net/ip/libsubsys__net__ip.a(net_core.c.obj)
 .text.net_init
                0x00000000000089c6       0x22 subsys/net/ip/libsubsys__net__ip.a(net_core.c.obj)
 .text.process_rx_packet
                0x00000000000089e8        0xc subsys/net/ip/libsubsys__net__ip.a(net_core.c.obj)
 .text.net_send_data
                0x00000000000089f4       0xda subsys/net/ip/libsubsys__net__ip.a(net_core.c.obj)
                0x00000000000089f4                net_send_data
 .text.net_ipv4_is_addr_mcast
                0x0000000000008ace       0x10 subsys/net/ip/libsubsys__net__ip.a(net_if.c.obj)
 .text.net_if_l2
                0x0000000000008ade        0xa subsys/net/ip/libsubsys__net__ip.a(net_if.c.obj)
 .text.net_context_send_cb
                0x0000000000008ae8       0x14 subsys/net/ip/libsubsys__net__ip.a(net_if.c.obj)
 .text.l2_flags_get
                0x0000000000008afc       0x1a subsys/net/ip/libsubsys__net__ip.a(net_if.c.obj)
 .text.if_ipv4_get_addr
                0x0000000000008b16       0x4e subsys/net/ip/libsubsys__net__ip.a(net_if.c.obj)
 .text.k_uptime_get_32
                0x0000000000008b64        0xc subsys/net/ip/libsubsys__net__ip.a(net_if.c.obj)
 .text.net_if_ipv4_addr_mask_cmp
                0x0000000000008b70       0x2e subsys/net/ip/libsubsys__net__ip.a(net_if.c.obj)
                0x0000000000008b70                net_if_ipv4_addr_mask_cmp
 .text.ipv4_is_broadcast_address
                0x0000000000008b9e       0x24 subsys/net/ip/libsubsys__net__ip.a(net_if.c.obj)
 .text.net_if_ipv4_get_ll
                0x0000000000008bc2        0x6 subsys/net/ip/libsubsys__net__ip.a(net_if.c.obj)
                0x0000000000008bc2                net_if_ipv4_get_ll
 .text.net_if_ipv4_get_global_addr
                0x0000000000008bc8        0x6 subsys/net/ip/libsubsys__net__ip.a(net_if.c.obj)
                0x0000000000008bc8                net_if_ipv4_get_global_addr
 .text.net_if_recv_data
                0x0000000000008bce       0x12 subsys/net/ip/libsubsys__net__ip.a(net_if.c.obj)
                0x0000000000008bce                net_if_recv_data
 .text.net_if_send_data
                0x0000000000008be0       0x72 subsys/net/ip/libsubsys__net__ip.a(net_if.c.obj)
                0x0000000000008be0                net_if_send_data
 .text.net_if_need_calc_tx_checksum
                0x0000000000008c52        0x6 subsys/net/ip/libsubsys__net__ip.a(net_if.c.obj)
                0x0000000000008c52                net_if_need_calc_tx_checksum
 .text.net_if_need_calc_rx_checksum
                0x0000000000008c58        0x6 subsys/net/ip/libsubsys__net__ip.a(net_if.c.obj)
                0x0000000000008c58                net_if_need_calc_rx_checksum
 .text.calc_chksum
                0x0000000000008c5e       0x52 subsys/net/ip/libsubsys__net__ip.a(utils.c.obj)
 .text.net_byte_to_hex
                0x0000000000008cb0       0x3e subsys/net/ip/libsubsys__net__ip.a(utils.c.obj)
                0x0000000000008cb0                net_byte_to_hex
 .text.net_calc_chksum
                0x0000000000008cee      0x10a subsys/net/ip/libsubsys__net__ip.a(utils.c.obj)
                0x0000000000008cee                net_calc_chksum
 .text.net_calc_chksum_ipv4
                0x0000000000008df8       0x28 subsys/net/ip/libsubsys__net__ip.a(utils.c.obj)
                0x0000000000008df8                net_calc_chksum_ipv4
 .text.pkt_cursor_jump
                0x0000000000008e20       0x2e subsys/net/ip/libsubsys__net__ip.a(net_pkt.c.obj)
 .text.pkt_cursor_advance
                0x0000000000008e4e       0x30 subsys/net/ip/libsubsys__net__ip.a(net_pkt.c.obj)
 .text.pkt_cursor_update
                0x0000000000008e7e       0x56 subsys/net/ip/libsubsys__net__ip.a(net_pkt.c.obj)
 .text.net_pkt_get_len.isra.0
                0x0000000000008ed4       0x10 subsys/net/ip/libsubsys__net__ip.a(net_pkt.c.obj)
 .text.net_pkt_cursor_operate
                0x0000000000008ee4       0xd2 subsys/net/ip/libsubsys__net__ip.a(net_pkt.c.obj)
 .text.net_pkt_get_reserve_data
                0x0000000000008fb6       0x22 subsys/net/ip/libsubsys__net__ip.a(net_pkt.c.obj)
                0x0000000000008fb6                net_pkt_get_reserve_data
 .text.net_pkt_ref
                0x0000000000008fd8       0x38 subsys/net/ip/libsubsys__net__ip.a(net_pkt.c.obj)
                0x0000000000008fd8                net_pkt_ref
 .text.net_pkt_frag_unref
                0x0000000000009010        0x8 subsys/net/ip/libsubsys__net__ip.a(net_pkt.c.obj)
                0x0000000000009010                net_pkt_frag_unref
 .text.net_pkt_unref
                0x0000000000009018       0x54 subsys/net/ip/libsubsys__net__ip.a(net_pkt.c.obj)
                0x0000000000009018                net_pkt_unref
 .text.net_pkt_frag_insert
                0x000000000000906c       0x14 subsys/net/ip/libsubsys__net__ip.a(net_pkt.c.obj)
                0x000000000000906c                net_pkt_frag_insert
 .text.net_pkt_available_buffer
                0x0000000000009080       0x24 subsys/net/ip/libsubsys__net__ip.a(net_pkt.c.obj)
                0x0000000000009080                net_pkt_available_buffer
 .text.net_pkt_trim_buffer
                0x00000000000090a4       0x34 subsys/net/ip/libsubsys__net__ip.a(net_pkt.c.obj)
                0x00000000000090a4                net_pkt_trim_buffer
 .text.net_pkt_cursor_init
                0x00000000000090d8        0xc subsys/net/ip/libsubsys__net__ip.a(net_pkt.c.obj)
                0x00000000000090d8                net_pkt_cursor_init
 .text.pkt_alloc_on_iface
                0x00000000000090e4       0x1e subsys/net/ip/libsubsys__net__ip.a(net_pkt.c.obj)
 .text.net_pkt_append_buffer
                0x0000000000009102       0x22 subsys/net/ip/libsubsys__net__ip.a(net_pkt.c.obj)
                0x0000000000009102                net_pkt_append_buffer
 .text.pkt_alloc_with_buffer
                0x0000000000009124       0x7e subsys/net/ip/libsubsys__net__ip.a(net_pkt.c.obj)
 .text.net_pkt_skip
                0x00000000000091a2       0x16 subsys/net/ip/libsubsys__net__ip.a(net_pkt.c.obj)
                0x00000000000091a2                net_pkt_skip
 .text.net_pkt_memset
                0x00000000000091b8       0x16 subsys/net/ip/libsubsys__net__ip.a(net_pkt.c.obj)
                0x00000000000091b8                net_pkt_memset
 .text.net_pkt_read
                0x00000000000091ce       0x12 subsys/net/ip/libsubsys__net__ip.a(net_pkt.c.obj)
                0x00000000000091ce                net_pkt_read
 .text.net_pkt_copy
                0x00000000000091e0       0xa2 subsys/net/ip/libsubsys__net__ip.a(net_pkt.c.obj)
                0x00000000000091e0                net_pkt_copy
 .text.net_pkt_update_length
                0x0000000000009282       0x20 subsys/net/ip/libsubsys__net__ip.a(net_pkt.c.obj)
                0x0000000000009282                net_pkt_update_length
 .text.net_pkt_get_current_offset
                0x00000000000092a2       0x2c subsys/net/ip/libsubsys__net__ip.a(net_pkt.c.obj)
                0x00000000000092a2                net_pkt_get_current_offset
 .text.net_pkt_clone
                0x00000000000092ce       0xde subsys/net/ip/libsubsys__net__ip.a(net_pkt.c.obj)
                0x00000000000092ce                net_pkt_clone
 .text.net_pkt_get_contiguous_len
                0x00000000000093ac       0x32 subsys/net/ip/libsubsys__net__ip.a(net_pkt.c.obj)
                0x00000000000093ac                net_pkt_get_contiguous_len
 .text.net_pkt_write
                0x00000000000093de       0x36 subsys/net/ip/libsubsys__net__ip.a(net_pkt.c.obj)
                0x00000000000093de                net_pkt_write
 .text.net_pkt_get_data
                0x0000000000009414       0x3e subsys/net/ip/libsubsys__net__ip.a(net_pkt.c.obj)
                0x0000000000009414                net_pkt_get_data
 .text.net_pkt_set_data
                0x0000000000009452        0x6 subsys/net/ip/libsubsys__net__ip.a(net_pkt.c.obj)
                0x0000000000009452                net_pkt_set_data
 .text.net_pkt_init
                0x0000000000009458        0x2 subsys/net/ip/libsubsys__net__ip.a(net_pkt.c.obj)
                0x0000000000009458                net_pkt_init
 .text.k_work_submit_to_queue
                0x000000000000945a       0x30 subsys/net/ip/libsubsys__net__ip.a(net_tc.c.obj)
 .text.net_rx_priority2tc
                0x000000000000948a        0x4 subsys/net/ip/libsubsys__net__ip.a(net_tc.c.obj)
                0x000000000000948a                net_rx_priority2tc
 .text.icmpv4_create
                0x000000000000948e       0x32 subsys/net/ip/libsubsys__net__ip.a(icmpv4.c.obj)
 .text.icmpv4_handle_echo_request
                0x00000000000094c0       0xb6 subsys/net/ip/libsubsys__net__ip.a(icmpv4.c.obj)
 .text.net_icmpv4_finalize
                0x0000000000009576       0x32 subsys/net/ip/libsubsys__net__ip.a(icmpv4.c.obj)
                0x0000000000009576                net_icmpv4_finalize
 .text.net_icmpv4_send_error
                0x00000000000095a8       0xe8 subsys/net/ip/libsubsys__net__ip.a(icmpv4.c.obj)
                0x00000000000095a8                net_icmpv4_send_error
 .text.net_ipv4_is_addr_mcast
                0x0000000000009690       0x10 subsys/net/ip/libsubsys__net__ip.a(ipv4.c.obj)
 .text.net_ipv4_is_addr_bcast
                0x00000000000096a0       0x22 subsys/net/ip/libsubsys__net__ip.a(ipv4.c.obj)
 .text.net_ipv4_create
                0x00000000000096c2       0x66 subsys/net/ip/libsubsys__net__ip.a(ipv4.c.obj)
                0x00000000000096c2                net_ipv4_create
 .text.net_ipv4_finalize
                0x0000000000009728       0x74 subsys/net/ip/libsubsys__net__ip.a(ipv4.c.obj)
                0x0000000000009728                net_ipv4_finalize
 .text.net_ipv4_input
                0x000000000000979c      0x132 subsys/net/ip/libsubsys__net__ip.a(ipv4.c.obj)
                0x000000000000979c                net_ipv4_input
 .text.net_udp_finalize
                0x00000000000098ce       0x66 subsys/net/ip/libsubsys__net__ip.a(udp.c.obj)
                0x00000000000098ce                net_udp_finalize
 .text.net_udp_input
                0x0000000000009934       0x62 subsys/net/ip/libsubsys__net__ip.a(udp.c.obj)
                0x0000000000009934                net_udp_input
 .text.k_thread_abort
                0x0000000000009996        0x4 subsys/testsuite/ztest/libsubsys__testsuite__ztest.a(ztest.c.obj)
 .text.ztest_relative_filename
                0x000000000000999a        0x2 subsys/testsuite/ztest/libsubsys__testsuite__ztest.a(ztest.c.obj)
                0x000000000000999a                ztest_relative_filename
 .text.main     0x000000000000999c       0x12 subsys/testsuite/ztest/libsubsys__testsuite__ztest.a(ztest.c.obj)
                0x000000000000999c                main
 .text.z_init_mock
                0x00000000000099ae        0x2 subsys/testsuite/ztest/libsubsys__testsuite__ztest.a(ztest_mock.c.obj)
                0x00000000000099ae                z_init_mock
 .text.gpio_cmsdk_ahb_port_get_raw
                0x00000000000099b0        0xc drivers/gpio/libdrivers__gpio.a(gpio_cmsdk_ahb.c.obj)
 .text.gpio_cmsdk_ahb_port_set_masked_raw
                0x00000000000099bc       0x12 drivers/gpio/libdrivers__gpio.a(gpio_cmsdk_ahb.c.obj)
 .text.gpio_cmsdk_ahb_port_set_bits_raw
                0x00000000000099ce        0xe drivers/gpio/libdrivers__gpio.a(gpio_cmsdk_ahb.c.obj)
 .text.gpio_cmsdk_ahb_port_clear_bits_raw
                0x00000000000099dc       0x10 drivers/gpio/libdrivers__gpio.a(gpio_cmsdk_ahb.c.obj)
 .text.gpio_cmsdk_ahb_port_toggle_bits
                0x00000000000099ec        0xe drivers/gpio/libdrivers__gpio.a(gpio_cmsdk_ahb.c.obj)
 .text.gpio_cmsdk_ahb_config
                0x00000000000099fa       0x44 drivers/gpio/libdrivers__gpio.a(gpio_cmsdk_ahb.c.obj)
 .text.gpio_cmsdk_ahb_pin_interrupt_configure
                0x0000000000009a3e       0x44 drivers/gpio/libdrivers__gpio.a(gpio_cmsdk_ahb.c.obj)
 .text.gpio_cmsdk_ahb_init
                0x0000000000009a82        0xc drivers/gpio/libdrivers__gpio.a(gpio_cmsdk_ahb.c.obj)
 .text.gpio_cmsdk_port_0_config_func
                0x0000000000009a8e       0x16 drivers/gpio/libdrivers__gpio.a(gpio_cmsdk_ahb.c.obj)
 .text.gpio_cmsdk_port_1_config_func
                0x0000000000009aa4       0x16 drivers/gpio/libdrivers__gpio.a(gpio_cmsdk_ahb.c.obj)
 .text.gpio_cmsdk_port_2_config_func
                0x0000000000009aba       0x16 drivers/gpio/libdrivers__gpio.a(gpio_cmsdk_ahb.c.obj)
 .text.gpio_cmsdk_port_3_config_func
                0x0000000000009ad0       0x16 drivers/gpio/libdrivers__gpio.a(gpio_cmsdk_ahb.c.obj)
 .text.gpio_mmio32_config
                0x0000000000009ae6       0x66 drivers/gpio/libdrivers__gpio.a(gpio_mmio32.c.obj)
 .text.gpio_mmio32_port_get_raw
                0x0000000000009b4c       0x12 drivers/gpio/libdrivers__gpio.a(gpio_mmio32.c.obj)
 .text.gpio_mmio32_port_set_masked_raw
                0x0000000000009b5e       0x32 drivers/gpio/libdrivers__gpio.a(gpio_mmio32.c.obj)
 .text.gpio_mmio32_port_set_bits_raw
                0x0000000000009b90       0x2c drivers/gpio/libdrivers__gpio.a(gpio_mmio32.c.obj)
 .text.gpio_mmio32_port_clear_bits_raw
                0x0000000000009bbc       0x2e drivers/gpio/libdrivers__gpio.a(gpio_mmio32.c.obj)
 .text.gpio_mmio32_port_toggle_bits
                0x0000000000009bea       0x2c drivers/gpio/libdrivers__gpio.a(gpio_mmio32.c.obj)
 .text.gpio_mmio32_pin_interrupt_configure
                0x0000000000009c16        0xe drivers/gpio/libdrivers__gpio.a(gpio_mmio32.c.obj)
 .text.gpio_mmio32_init
                0x0000000000009c24        0xa drivers/gpio/libdrivers__gpio.a(gpio_mmio32.c.obj)
                0x0000000000009c24                gpio_mmio32_init
 .text.i2c_set_scl
                0x0000000000009c2e        0x8 drivers/i2c/libdrivers__i2c.a(i2c_bitbang.c.obj)
 .text.i2c_set_sda
                0x0000000000009c36        0x8 drivers/i2c/libdrivers__i2c.a(i2c_bitbang.c.obj)
 .text.i2c_get_sda
                0x0000000000009c3e        0x8 drivers/i2c/libdrivers__i2c.a(i2c_bitbang.c.obj)
 .text.i2c_delay
                0x0000000000009c46       0x16 drivers/i2c/libdrivers__i2c.a(i2c_bitbang.c.obj)
 .text.i2c_start
                0x0000000000009c5c       0x46 drivers/i2c/libdrivers__i2c.a(i2c_bitbang.c.obj)
 .text.i2c_repeated_start
                0x0000000000009ca2       0x28 drivers/i2c/libdrivers__i2c.a(i2c_bitbang.c.obj)
 .text.i2c_read_bit
                0x0000000000009cca       0x36 drivers/i2c/libdrivers__i2c.a(i2c_bitbang.c.obj)
 .text.i2c_write_bit
                0x0000000000009d00       0x28 drivers/i2c/libdrivers__i2c.a(i2c_bitbang.c.obj)
 .text.i2c_stop
                0x0000000000009d28       0x36 drivers/i2c/libdrivers__i2c.a(i2c_bitbang.c.obj)
 .text.i2c_bitbang_configure
                0x0000000000009d5e       0x2c drivers/i2c/libdrivers__i2c.a(i2c_bitbang.c.obj)
                0x0000000000009d5e                i2c_bitbang_configure
 .text.i2c_bitbang_transfer
                0x0000000000009d8a      0x116 drivers/i2c/libdrivers__i2c.a(i2c_bitbang.c.obj)
                0x0000000000009d8a                i2c_bitbang_transfer
 .text.i2c_bitbang_init
                0x0000000000009ea0        0xe drivers/i2c/libdrivers__i2c.a(i2c_bitbang.c.obj)
                0x0000000000009ea0                i2c_bitbang_init
 .text.i2c_sbcon_set_scl
                0x0000000000009eae        0xc drivers/i2c/libdrivers__i2c.a(i2c_sbcon.c.obj)
 .text.i2c_sbcon_set_sda
                0x0000000000009eba        0xc drivers/i2c/libdrivers__i2c.a(i2c_sbcon.c.obj)
 .text.i2c_sbcon_get_sda
                0x0000000000009ec6        0x8 drivers/i2c/libdrivers__i2c.a(i2c_sbcon.c.obj)
 .text.i2c_sbcon_transfer
                0x0000000000009ece        0x6 drivers/i2c/libdrivers__i2c.a(i2c_sbcon.c.obj)
 .text.i2c_sbcon_configure
                0x0000000000009ed4        0x6 drivers/i2c/libdrivers__i2c.a(i2c_sbcon.c.obj)
 .text.uart_cmsdk_apb_init
                0x0000000000009eda       0x22 drivers/serial/libdrivers__serial.a(uart_cmsdk_apb.c.obj)
 .text.uart_cmsdk_apb_poll_in
                0x0000000000009efc       0x16 drivers/serial/libdrivers__serial.a(uart_cmsdk_apb.c.obj)
 .text.uart_cmsdk_apb_poll_out
                0x0000000000009f12        0xe drivers/serial/libdrivers__serial.a(uart_cmsdk_apb.c.obj)
 .text.uart_cmsdk_apb_fifo_fill
                0x0000000000009f20       0x1c drivers/serial/libdrivers__serial.a(uart_cmsdk_apb.c.obj)
 .text.uart_cmsdk_apb_fifo_read
                0x0000000000009f3c       0x1a drivers/serial/libdrivers__serial.a(uart_cmsdk_apb.c.obj)
 .text.uart_cmsdk_apb_irq_tx_disable
                0x0000000000009f56        0xe drivers/serial/libdrivers__serial.a(uart_cmsdk_apb.c.obj)
 .text.uart_cmsdk_apb_irq_tx_ready
                0x0000000000009f64        0xe drivers/serial/libdrivers__serial.a(uart_cmsdk_apb.c.obj)
 .text.uart_cmsdk_apb_irq_rx_enable
                0x0000000000009f72        0xe drivers/serial/libdrivers__serial.a(uart_cmsdk_apb.c.obj)
 .text.uart_cmsdk_apb_irq_rx_disable
                0x0000000000009f80        0xe drivers/serial/libdrivers__serial.a(uart_cmsdk_apb.c.obj)
 .text.uart_cmsdk_apb_irq_tx_complete
                0x0000000000009f8e        0x4 drivers/serial/libdrivers__serial.a(uart_cmsdk_apb.c.obj)
 .text.uart_cmsdk_apb_irq_rx_ready
                0x0000000000009f92        0xc drivers/serial/libdrivers__serial.a(uart_cmsdk_apb.c.obj)
 .text.uart_cmsdk_apb_irq_err_enable
                0x0000000000009f9e        0x2 drivers/serial/libdrivers__serial.a(uart_cmsdk_apb.c.obj)
 .text.uart_cmsdk_apb_irq_is_pending
                0x0000000000009fa0       0x12 drivers/serial/libdrivers__serial.a(uart_cmsdk_apb.c.obj)
 .text.uart_cmsdk_apb_irq_update
                0x0000000000009fb2        0x4 drivers/serial/libdrivers__serial.a(uart_cmsdk_apb.c.obj)
 .text.uart_cmsdk_apb_irq_callback_set
                0x0000000000009fb6        0x8 drivers/serial/libdrivers__serial.a(uart_cmsdk_apb.c.obj)
 .text.uart_cmsdk_apb_isr
                0x0000000000009fbe       0x14 drivers/serial/libdrivers__serial.a(uart_cmsdk_apb.c.obj)
 .text.uart_cmsdk_apb_irq_tx_enable
                0x0000000000009fd2       0x2c drivers/serial/libdrivers__serial.a(uart_cmsdk_apb.c.obj)
 .text.uart_cmsdk_apb_irq_config_func_0
                0x0000000000009ffe       0x26 drivers/serial/libdrivers__serial.a(uart_cmsdk_apb.c.obj)
 .text.uart_cmsdk_apb_irq_config_func_1
                0x000000000000a024       0x26 drivers/serial/libdrivers__serial.a(uart_cmsdk_apb.c.obj)
 .text.uart_cmsdk_apb_irq_config_func_2
                0x000000000000a04a       0x26 drivers/serial/libdrivers__serial.a(uart_cmsdk_apb.c.obj)
 .text.uart_cmsdk_apb_irq_config_func_3
                0x000000000000a070       0x26 drivers/serial/libdrivers__serial.a(uart_cmsdk_apb.c.obj)
 .text.uart_cmsdk_apb_irq_config_func_4
                0x000000000000a096       0x26 drivers/serial/libdrivers__serial.a(uart_cmsdk_apb.c.obj)
 .text.uart_cmsdk_apb_irq_err_disable
                0x000000000000a0bc        0x2 drivers/serial/libdrivers__serial.a(uart_cmsdk_apb.c.obj)
 .text.z_device_state_init
                0x000000000000a0be        0x2 kernel/libkernel.a(device.c.obj)
                0x000000000000a0be                z_device_state_init
 .text.z_device_ready
                0x000000000000a0c0       0x12 kernel/libkernel.a(device.c.obj)
                0x000000000000a0c0                z_device_ready
 .text.arch_system_halt
                0x000000000000a0d2       0x12 kernel/libkernel.a(fatal.c.obj)
                0x000000000000a0d2                arch_system_halt
 .text.k_heap_init
                0x000000000000a0e4       0x10 kernel/libkernel.a(kheap.c.obj)
                0x000000000000a0e4                k_heap_init
 .text.adjust_owner_prio.isra.0
                0x000000000000a0f4       0x10 kernel/libkernel.a(mutex.c.obj)
 .text.z_queue_node_peek
                0x000000000000a104       0x18 kernel/libkernel.a(queue.c.obj)
                0x000000000000a104                z_queue_node_peek
 .text.z_impl_k_queue_init
                0x000000000000a11c       0x1a kernel/libkernel.a(queue.c.obj)
                0x000000000000a11c                z_impl_k_queue_init
 .text.k_queue_append
                0x000000000000a136       0x16 kernel/libkernel.a(queue.c.obj)
                0x000000000000a136                k_queue_append
 .text.k_queue_prepend
                0x000000000000a14c       0x14 kernel/libkernel.a(queue.c.obj)
                0x000000000000a14c                k_queue_prepend
 .text.z_reschedule_irqlock
                0x000000000000a160       0x18 kernel/libkernel.a(sched.c.obj)
                0x000000000000a160                z_reschedule_irqlock
 .text.z_reschedule_unlocked
                0x000000000000a178       0x14 kernel/libkernel.a(sched.c.obj)
 .text.z_priq_dumb_best
                0x000000000000a18c        0xc kernel/libkernel.a(sched.c.obj)
                0x000000000000a18c                z_priq_dumb_best
 .text.z_unpend_all
                0x000000000000a198       0x20 kernel/libkernel.a(sched.c.obj)
                0x000000000000a198                z_unpend_all
 .text.z_impl_k_sem_init
                0x000000000000a1b8       0x20 kernel/libkernel.a(sem.c.obj)
                0x000000000000a1b8                z_impl_k_sem_init
 .text.k_is_in_isr
                0x000000000000a1d8        0xc kernel/libkernel.a(thread.c.obj)
                0x000000000000a1d8                k_is_in_isr
 .text.k_thread_name_get
                0x000000000000a1e4        0x4 kernel/libkernel.a(thread.c.obj)
                0x000000000000a1e4                k_thread_name_get
 .text.k_work_submit_to_queue
                0x000000000000a1e8       0x30 kernel/libkernel.a(work_q.c.obj)
 .text.work_timeout
                0x000000000000a218        0xa kernel/libkernel.a(work_q.c.obj)
 .text.work_cancel
                0x000000000000a222       0x8e kernel/libkernel.a(work_q.c.obj)
 .text.z_impl_k_uptime_ticks
                0x000000000000a2b0        0x4 kernel/libkernel.a(timeout.c.obj)
                0x000000000000a2b0                z_impl_k_uptime_ticks
 .text.z_timeout_end_calc
                0x000000000000a2b4       0x56 kernel/libkernel.a(timeout.c.obj)
                0x000000000000a2b4                z_timeout_end_calc
 .text.k_work_submit_to_queue
                0x000000000000a30a       0x30 kernel/libkernel.a(poll.c.obj)
 .text.z_handle_obj_poll_events
                0x000000000000a33a       0x1c kernel/libkernel.a(poll.c.obj)
                0x000000000000a33a                z_handle_obj_poll_events
 .text.k_free   0x000000000000a356        0xe kernel/libkernel.a(mempool.c.obj)
                0x000000000000a356                k_free
 .text.idle     0x000000000000a364       0x18 kernel/libkernel.a(idle.c.obj)
                0x000000000000a364                idle
 .text._OffsetAbsSyms
                0x000000000000a37c        0x2 CMakeFiles/offsets.dir/arch/arm/core/offsets/offsets.c.obj
                0x000000000000a37c                _OffsetAbsSyms
 *(SORT_BY_ALIGNMENT(.TEXT.*))
 *(SORT_BY_ALIGNMENT(.gnu.linkonce.t.*))
 *(SORT_BY_ALIGNMENT(.glue_7t))
 .glue_7t       0x000000000000a37e        0x0 linker stubs
 *(SORT_BY_ALIGNMENT(.glue_7))
 .glue_7        0x000000000000a37e        0x0 linker stubs
 *(SORT_BY_ALIGNMENT(.vfp11_veneer))
 .vfp11_veneer  0x000000000000a37e        0x0 linker stubs
 *(SORT_BY_ALIGNMENT(.v4_bx))
 .v4_bx         0x000000000000a37e        0x0 linker stubs
                0x000000000000a37e                _image_text_end = .

.ARM.exidx      0x000000000000a380        0x8
                0x000000000000a380                __exidx_start = .
 *(SORT_BY_ALIGNMENT(.ARM.exidx*) SORT_BY_ALIGNMENT(gnu.linkonce.armexidx.*))
 .ARM.exidx     0x000000000000a380        0x8 /home/ilagas/zephyr-sdk-0.12.4/arm-zephyr-eabi/bin/../lib/gcc/arm-zephyr-eabi/10.2.0/thumb/v7-m/nofp/libgcc.a(_udivmoddi4.o)
                0x000000000000a388                __exidx_end = .
                0x000000000000a388                _image_rodata_start = .

initlevel       0x000000000000a388       0xe0
                0x000000000000a388                __init_start = .
                0x000000000000a388                __init_PRE_KERNEL_1_start = .
 *(SORT_BY_NAME(SORT_BY_ALIGNMENT(.init_PRE_KERNEL_1[0-9]*)))
 .init_PRE_KERNEL_130
                0x000000000000a388        0x8 kernel/libkernel.a(kheap.c.obj)
 .init_PRE_KERNEL_130
                0x000000000000a390        0x8 kernel/libkernel.a(mem_slab.c.obj)
 .init_PRE_KERNEL_140
                0x000000000000a398        0x8 libzephyr.a(soc.c.obj)
 .init_PRE_KERNEL_140
                0x000000000000a3a0        0x8 arch/arch/arm/core/aarch32/cortex_m/mpu/libarch__arm__core__aarch32__cortex_m__mpu.a(arm_mpu.c.obj)
 .init_PRE_KERNEL_140
                0x000000000000a3a8        0x8 boards/arm/mps2_an385/libboards__arm__mps2_an385.a(pinmux.c.obj)
 .init_PRE_KERNEL_150
                0x000000000000a3b0       0x18 libzephyr.a(soc.c.obj)
 .init_PRE_KERNEL_150
                0x000000000000a3c8        0x8 libzephyr.a(wdt_cmsdk_apb.c.obj)
 .init_PRE_KERNEL_150
                0x000000000000a3d0       0x28 drivers/serial/libdrivers__serial.a(uart_cmsdk_apb.c.obj)
 .init_PRE_KERNEL_160
                0x000000000000a3f8        0x8 libzephyr.a(uart_console.c.obj)
 *(SORT_BY_NAME(SORT_BY_ALIGNMENT(.init_PRE_KERNEL_1[1-9][0-9]*)))
                0x000000000000a400                __init_PRE_KERNEL_2_start = .
 *(SORT_BY_NAME(SORT_BY_ALIGNMENT(.init_PRE_KERNEL_2[0-9]*)))
 .init_PRE_KERNEL_20
                0x000000000000a400        0x8 libzephyr.a(sys_clock_init.c.obj)
 .init_PRE_KERNEL_260
                0x000000000000a408       0x20 drivers/i2c/libdrivers__i2c.a(i2c_sbcon.c.obj)
 *(SORT_BY_NAME(SORT_BY_ALIGNMENT(.init_PRE_KERNEL_2[1-9][0-9]*)))
                0x000000000000a428                __init_POST_KERNEL_start = .
 *(SORT_BY_NAME(SORT_BY_ALIGNMENT(.init_POST_KERNEL[0-9]*)))
 .init_POST_KERNEL40
                0x000000000000a428        0x8 libzephyr.a(slip.c.obj)
 .init_POST_KERNEL40
                0x000000000000a430       0x20 drivers/gpio/libdrivers__gpio.a(gpio_cmsdk_ahb.c.obj)
 .init_POST_KERNEL40
                0x000000000000a450        0x8 kernel/libkernel.a(system_work_q.c.obj)
 .init_POST_KERNEL80
                0x000000000000a458        0x8 ../app/libapp.a(n310_stub.c.obj)
 .init_POST_KERNEL90
                0x000000000000a460        0x8 subsys/net/ip/libsubsys__net__ip.a(net_core.c.obj)
 *(SORT_BY_NAME(SORT_BY_ALIGNMENT(.init_POST_KERNEL[1-9][0-9]*)))
                0x000000000000a468                __init_APPLICATION_start = .
 *(SORT_BY_NAME(SORT_BY_ALIGNMENT(.init_APPLICATION[0-9]*)))
 *(SORT_BY_NAME(SORT_BY_ALIGNMENT(.init_APPLICATION[1-9][0-9]*)))
                0x000000000000a468                __init_SMP_start = .
 *(SORT_BY_NAME(SORT_BY_ALIGNMENT(.init_SMP[0-9]*)))
 *(SORT_BY_NAME(SORT_BY_ALIGNMENT(.init_SMP[1-9][0-9]*)))
                0x000000000000a468                __init_end = .

sw_isr_table    0x000000000000a468      0x100
                0x000000000000a468                . = ALIGN (0x0)
 *(SORT_BY_ALIGNMENT(.gnu.linkonce.sw_isr_table*))
 .gnu.linkonce.sw_isr_table
                0x000000000000a468      0x100 arch/common/libisr_tables.a(isr_tables.c.obj)
                0x000000000000a468                _sw_isr_table

initlevel_error
                0x000000000000a388        0x0
 *(SORT_BY_NAME(SORT_BY_ALIGNMENT(.init_[_A-Z0-9]*)))
                0x0000000000000001                ASSERT ((SIZEOF (initlevel_error) == 0x0), Undefined initialization levels used.)

app_shmem_regions
                0x000000000000a568        0x0
                0x000000000000a568                __app_shmem_regions_start = .
 *(SORT_BY_NAME(SORT_BY_ALIGNMENT(.app_regions.*)))
                0x000000000000a568                __app_shmem_regions_end = .

net_socket_register_area
                0x000000000000a568        0xc
                0x000000000000a568                _net_socket_register_list_start = .
 *(SORT_BY_NAME(SORT_BY_ALIGNMENT(._net_socket_register.static.*)))
 ._net_socket_register.static.(__net_socket_register_ublox_sara_n310)
                0x000000000000a568        0xc ../app/libapp.a(n310_stub.c.obj)
                0x000000000000a574                _net_socket_register_list_end = .

bt_l2cap_fixed_chan_area
                0x000000000000a574        0x0
                0x000000000000a574                _bt_l2cap_fixed_chan_list_start = .
 *(SORT_BY_NAME(SORT_BY_ALIGNMENT(._bt_l2cap_fixed_chan.static.*)))
                0x000000000000a574                _bt_l2cap_fixed_chan_list_end = .

bt_gatt_service_static_area
                0x000000000000a574        0x0
                0x000000000000a574                _bt_gatt_service_static_list_start = .
 *(SORT_BY_NAME(SORT_BY_ALIGNMENT(._bt_gatt_service_static.static.*)))
                0x000000000000a574                _bt_gatt_service_static_list_end = .

k_p4wq_initparam_area
                0x000000000000a574        0x0
                0x000000000000a574                _k_p4wq_initparam_list_start = .
 *(SORT_BY_NAME(SORT_BY_ALIGNMENT(._k_p4wq_initparam.static.*)))
                0x000000000000a574                _k_p4wq_initparam_list_end = .

log_const_sections
                0x000000000000a574       0x40
                0x000000000000a574                __log_const_start = .
 *(SORT_BY_NAME(SORT_BY_ALIGNMENT(.log_const_*)))
 .log_const_i2c
                0x000000000000a574        0x8 drivers/i2c/libdrivers__i2c.a(i2c_common.c.obj)
                0x000000000000a574                log_const_i2c
 .log_const_modem_context
                0x000000000000a57c        0x8 libzephyr.a(modem_context.c.obj)
                0x000000000000a57c                log_const_modem_context
 .log_const_modem_ublox_sara_n310
                0x000000000000a584        0x8 ../app/libapp.a(n310_stub.c.obj)
                0x000000000000a584                log_const_modem_ublox_sara_n310
 .log_const_mpu
                0x000000000000a58c        0x8 arch/arch/arm/core/aarch32/cortex_m/mpu/libarch__arm__core__aarch32__cortex_m__mpu.a(arm_core_mpu.c.obj)
                0x000000000000a58c                log_const_mpu
 .log_const_net_buf
                0x000000000000a594        0x8 subsys/net/libsubsys__net.a(buf.c.obj)
                0x000000000000a594                log_const_net_buf
 .log_const_os  0x000000000000a59c        0x8 kernel/libkernel.a(init.c.obj)
                0x000000000000a59c                log_const_os
 .log_const_slip
                0x000000000000a5a4        0x8 libzephyr.a(slip.c.obj)
                0x000000000000a5a4                log_const_slip
 .log_const_uart_pipe
                0x000000000000a5ac        0x8 libzephyr.a(uart_pipe.c.obj)
                0x000000000000a5ac                log_const_uart_pipe
                0x000000000000a5b4                __log_const_end = .

log_backends_sections
                0x000000000000a5b4        0x0
                0x000000000000a5b4                __log_backends_start = .
 *(SORT_BY_ALIGNMENT(._log_backend.*))
                0x000000000000a5b4                __log_backends_end = .

shell_area      0x000000000000a5b4        0x0
                0x000000000000a5b4                _shell_list_start = .
 *(SORT_BY_NAME(SORT_BY_ALIGNMENT(._shell.static.*)))
                0x000000000000a5b4                _shell_list_end = .

shell_root_cmds_sections
                0x000000000000a5b4        0x0
                0x000000000000a5b4                __shell_root_cmds_start = .
 *(SORT_BY_NAME(SORT_BY_ALIGNMENT(.shell_root_cmd_*)))
                0x000000000000a5b4                __shell_root_cmds_end = .

font_entry_sections
                0x000000000000a5b4        0x0
                0x000000000000a5b4                __font_entry_start = .
 *(SORT_BY_NAME(SORT_BY_ALIGNMENT(._cfb_font.*)))
                0x000000000000a5b4                __font_entry_end = .

tracing_backend_area
                0x000000000000a5b4        0x0
                0x000000000000a5b4                _tracing_backend_list_start = .
 *(SORT_BY_NAME(SORT_BY_ALIGNMENT(._tracing_backend.static.*)))
                0x000000000000a5b4                _tracing_backend_list_end = .

device_handles  0x000000000000a5b4       0xb4
                0x000000000000a5b4                __device_handles_start = .
 *(SORT_BY_NAME(SORT_BY_ALIGNMENT(.__device_handles_pass1*)))
 .__device_handles_pass1
                0x000000000000a5b4        0x8 ../app/libapp.a(n310_stub.c.obj)
                0x000000000000a5b4                __devicehdl_DT_N_S_soc_S_uart_40004000_S_saran310
 .__device_handles_pass1
                0x000000000000a5bc       0x12 libzephyr.a(soc.c.obj)
                0x000000000000a5bc                __devicehdl_fpgaio_2
                0x000000000000a5c2                __devicehdl_fpgaio_1
                0x000000000000a5c8                __devicehdl_fpgaio_0
 .__device_handles_pass1
                0x000000000000a5ce        0xa libzephyr.a(wdt_cmsdk_apb.c.obj)
                0x000000000000a5ce                __devicehdl_DT_N_S_soc_S_wdog_40008000
 .__device_handles_pass1
                0x000000000000a5d8        0x6 libzephyr.a(slip.c.obj)
                0x000000000000a5d8                __devicehdl_slip
 .__device_handles_pass1
                0x000000000000a5de        0x6 libzephyr.a(sys_clock_init.c.obj)
                0x000000000000a5de                __devicehdl_sys_init_z_clock_driver_init0
 .__device_handles_pass1
                0x000000000000a5e4       0x28 drivers/gpio/libdrivers__gpio.a(gpio_cmsdk_ahb.c.obj)
                0x000000000000a5e4                __devicehdl_DT_N_S_soc_S_gpio_40013000
                0x000000000000a5ee                __devicehdl_DT_N_S_soc_S_gpio_40012000
                0x000000000000a5f8                __devicehdl_DT_N_S_soc_S_gpio_40011000
                0x000000000000a602                __devicehdl_DT_N_S_soc_S_gpio_40010000
 .__device_handles_pass1
                0x000000000000a60c       0x20 drivers/i2c/libdrivers__i2c.a(i2c_sbcon.c.obj)
                0x000000000000a60c                __devicehdl_DT_N_S_soc_S_i2c_4002a000
                0x000000000000a614                __devicehdl_DT_N_S_soc_S_i2c_40029000
                0x000000000000a61c                __devicehdl_DT_N_S_soc_S_i2c_40023000
                0x000000000000a624                __devicehdl_DT_N_S_soc_S_i2c_40022000
 .__device_handles_pass1
                0x000000000000a62c       0x3c drivers/serial/libdrivers__serial.a(uart_cmsdk_apb.c.obj)
                0x000000000000a62c                __devicehdl_DT_N_S_soc_S_uart_40009000
                0x000000000000a638                __devicehdl_DT_N_S_soc_S_uart_40007000
                0x000000000000a644                __devicehdl_DT_N_S_soc_S_uart_40006000
                0x000000000000a650                __devicehdl_DT_N_S_soc_S_uart_40005000
                0x000000000000a65c                __devicehdl_DT_N_S_soc_S_uart_40004000
                0x000000000000a668                __device_handles_end = .

rodata          0x000000000000a668     0x2408
 *(SORT_BY_ALIGNMENT(.rodata))
 *(SORT_BY_ALIGNMENT(.rodata.*))
 .rodata.api_funcs
                0x000000000000a668        0x4 ../app/libapp.a(n310_stub.c.obj)
 .rodata.net_buf_fixed_alloc_mdm_recv_pool
                0x000000000000a66c        0x8 ../app/libapp.a(n310_stub.c.obj)
 .rodata.net_buf_fixed_mdm_recv_pool
                0x000000000000a674        0x8 ../app/libapp.a(n310_stub.c.obj)
 .rodata.offload_socket_fd_op_vtable
                0x000000000000a67c       0x38 ../app/libapp.a(n310_stub.c.obj)
 .rodata.response_cmds
                0x000000000000a6b4       0x64 ../app/libapp.a(n310_stub.c.obj)
 .rodata.unsol_cmds
                0x000000000000a718       0x50 ../app/libapp.a(n310_stub.c.obj)
 .rodata.fpgaio_0_dev_cfg
                0x000000000000a768        0xc libzephyr.a(soc.c.obj)
 .rodata.fpgaio_1_dev_cfg
                0x000000000000a774        0xc libzephyr.a(soc.c.obj)
 .rodata.fpgaio_2_dev_cfg
                0x000000000000a780        0xc libzephyr.a(soc.c.obj)
 .rodata.wdog_cmsdk_apb_api
                0x000000000000a78c       0x10 libzephyr.a(wdt_cmsdk_apb.c.obj)
 .rodata.slip_if_api
                0x000000000000a79c       0x1c libzephyr.a(slip.c.obj)
 .rodata.static_regions
                0x000000000000a7b8        0xc arch/arch/arm/core/aarch32/cortex_m/mpu/libarch__arm__core__aarch32__cortex_m__mpu.a(arm_core_mpu.c.obj)
 .rodata.mpu_config
                0x000000000000a7c4        0x8 soc/arm/common/cortex_m/libsoc__arm__common__cortex_m.a(arm_mpu_regions.c.obj)
                0x000000000000a7c4                mpu_config
 .rodata.mpu_regions
                0x000000000000a7cc       0x18 soc/arm/common/cortex_m/libsoc__arm__common__cortex_m.a(arm_mpu_regions.c.obj)
 .rodata.net_buf_fixed_cb
                0x000000000000a7e4        0xc subsys/net/libsubsys__net.a(buf.c.obj)
                0x000000000000a7e4                net_buf_fixed_cb
 .rodata.addr.0
                0x000000000000a7f0        0x4 subsys/net/ip/libsubsys__net__ip.a(utils.c.obj)
 .rodata.addr.1
                0x000000000000a7f4        0x4 subsys/net/ip/libsubsys__net__ip.a(utils.c.obj)
 .rodata.net_buf_fixed_alloc_rx_bufs
                0x000000000000a7f8        0x8 subsys/net/ip/libsubsys__net__ip.a(net_pkt.c.obj)
 .rodata.net_buf_fixed_alloc_tx_bufs
                0x000000000000a800        0x8 subsys/net/ip/libsubsys__net__ip.a(net_pkt.c.obj)
 .rodata.net_buf_fixed_rx_bufs
                0x000000000000a808        0x8 subsys/net/ip/libsubsys__net__ip.a(net_pkt.c.obj)
 .rodata.net_buf_fixed_tx_bufs
                0x000000000000a810        0x8 subsys/net/ip/libsubsys__net__ip.a(net_pkt.c.obj)
 .rodata.CSWTCH.18
                0x000000000000a818        0xc subsys/testsuite/ztest/libsubsys__testsuite__ztest.a(ztest.c.obj)
 .rodata.gpio_cmsdk_ahb_drv_api_funcs
                0x000000000000a824       0x24 drivers/gpio/libdrivers__gpio.a(gpio_cmsdk_ahb.c.obj)
 .rodata.gpio_cmsdk_port_0_config
                0x000000000000a848       0x24 drivers/gpio/libdrivers__gpio.a(gpio_cmsdk_ahb.c.obj)
 .rodata.gpio_cmsdk_port_1_config
                0x000000000000a86c       0x24 drivers/gpio/libdrivers__gpio.a(gpio_cmsdk_ahb.c.obj)
 .rodata.gpio_cmsdk_port_2_config
                0x000000000000a890       0x24 drivers/gpio/libdrivers__gpio.a(gpio_cmsdk_ahb.c.obj)
 .rodata.gpio_cmsdk_port_3_config
                0x000000000000a8b4       0x24 drivers/gpio/libdrivers__gpio.a(gpio_cmsdk_ahb.c.obj)
 .rodata.gpio_mmio32_api
                0x000000000000a8d8       0x24 drivers/gpio/libdrivers__gpio.a(gpio_mmio32.c.obj)
                0x000000000000a8d8                gpio_mmio32_api
 .rodata.i2c_sbcon_dev_cfg_0
                0x000000000000a8fc        0x4 drivers/i2c/libdrivers__i2c.a(i2c_sbcon.c.obj)
 .rodata.i2c_sbcon_dev_cfg_1
                0x000000000000a900        0x4 drivers/i2c/libdrivers__i2c.a(i2c_sbcon.c.obj)
 .rodata.i2c_sbcon_dev_cfg_2
                0x000000000000a904        0x4 drivers/i2c/libdrivers__i2c.a(i2c_sbcon.c.obj)
 .rodata.i2c_sbcon_dev_cfg_3
                0x000000000000a908        0x4 drivers/i2c/libdrivers__i2c.a(i2c_sbcon.c.obj)
 .rodata.io_fns
                0x000000000000a90c        0xc drivers/i2c/libdrivers__i2c.a(i2c_sbcon.c.obj)
 .rodata.uart_cmsdk_apb_dev_cfg_0
                0x000000000000a918        0xc drivers/serial/libdrivers__serial.a(uart_cmsdk_apb.c.obj)
 .rodata.uart_cmsdk_apb_dev_cfg_1
                0x000000000000a924        0xc drivers/serial/libdrivers__serial.a(uart_cmsdk_apb.c.obj)
 .rodata.uart_cmsdk_apb_dev_cfg_2
                0x000000000000a930        0xc drivers/serial/libdrivers__serial.a(uart_cmsdk_apb.c.obj)